Component: Arm Compiler for Embedded 6.22 Tool: armlink [5ee90200]

==============================================================================

Section Cross References

    startup_stm32f407xx.o(RESET) refers to startup_stm32f407xx.o(STACK) for __initial_sp
    startup_stm32f407xx.o(RESET) refers to startup_stm32f407xx.o(.text) for Reset_Handler
    startup_stm32f407xx.o(RESET) refers to stm32f4xx_it.o(.text.NMI_Handler) for NMI_Handler
    startup_stm32f407xx.o(RESET) refers to stm32f4xx_it.o(.text.HardFault_Handler) for HardFault_Handler
    startup_stm32f407xx.o(RESET) refers to stm32f4xx_it.o(.text.MemManage_Handler) for MemManage_Handler
    startup_stm32f407xx.o(RESET) refers to stm32f4xx_it.o(.text.BusFault_Handler) for BusFault_Handler
    startup_stm32f407xx.o(RESET) refers to stm32f4xx_it.o(.text.UsageFault_Handler) for UsageFault_Handler
    startup_stm32f407xx.o(RESET) refers to stm32f4xx_it.o(.text.SVC_Handler) for SVC_Handler
    startup_stm32f407xx.o(RESET) refers to stm32f4xx_it.o(.text.DebugMon_Handler) for DebugMon_Handler
    startup_stm32f407xx.o(RESET) refers to stm32f4xx_it.o(.text.PendSV_Handler) for PendSV_Handler
    startup_stm32f407xx.o(RESET) refers to stm32f4xx_it.o(.text.SysTick_Handler) for SysTick_Handler
    startup_stm32f407xx.o(RESET) refers to stm32f4xx_it.o(.text.USART1_IRQHandler) for USART1_IRQHandler
    startup_stm32f407xx.o(RESET) refers to stm32f4xx_it.o(.text.TIM8_BRK_TIM12_IRQHandler) for TIM8_BRK_TIM12_IRQHandler
    startup_stm32f407xx.o(RESET) refers to stm32f4xx_it.o(.text.TIM5_IRQHandler) for TIM5_IRQHandler
    startup_stm32f407xx.o(RESET) refers to stm32f4xx_it.o(.text.DMA2_Stream2_IRQHandler) for DMA2_Stream2_IRQHandler
    startup_stm32f407xx.o(RESET) refers to stm32f4xx_it.o(.text.DMA2_Stream7_IRQHandler) for DMA2_Stream7_IRQHandler
    startup_stm32f407xx.o(.text) refers to system_stm32f4xx.o(.text.SystemInit) for SystemInit
    startup_stm32f407xx.o(.text) refers to entry.o(.ARM.Collect$$$$00000000) for __main
    main.o(.text.main) refers to stm32f4xx_hal.o(.text.HAL_Init) for HAL_Init
    main.o(.text.main) refers to main.o(.text.SystemClock_Config) for SystemClock_Config
    main.o(.text.main) refers to gpio.o(.text.MX_GPIO_Init) for MX_GPIO_Init
    main.o(.text.main) refers to dma.o(.text.MX_DMA_Init) for MX_DMA_Init
    main.o(.text.main) refers to tim.o(.text.MX_TIM3_Init) for MX_TIM3_Init
    main.o(.text.main) refers to tim.o(.text.MX_TIM4_Init) for MX_TIM4_Init
    main.o(.text.main) refers to tim.o(.text.MX_TIM1_Init) for MX_TIM1_Init
    main.o(.text.main) refers to tim.o(.text.MX_TIM2_Init) for MX_TIM2_Init
    main.o(.text.main) refers to tim.o(.text.MX_TIM5_Init) for MX_TIM5_Init
    main.o(.text.main) refers to usart.o(.text.MX_USART1_UART_Init) for MX_USART1_UART_Init
    main.o(.text.main) refers to spi.o(.text.MX_SPI2_Init) for MX_SPI2_Init
    main.o(.text.main) refers to spi.o(.text.MX_SPI1_Init) for MX_SPI1_Init
    main.o(.text.main) refers to tim.o(.text.MX_TIM12_Init) for MX_TIM12_Init
    main.o(.text.main) refers to usart.o(.text.MX_USART2_UART_Init) for MX_USART2_UART_Init
    main.o(.text.main) refers to stm32f4xx_hal_gpio.o(.text.HAL_GPIO_WritePin) for HAL_GPIO_WritePin
    main.o(.text.main) refers to oled.o(.text.OLED_Init) for OLED_Init
    main.o(.text.main) refers to motor.o(.text.motor_init) for motor_init
    main.o(.text.main) refers to main.o(.bss..L_MergedGlobals) for .L_MergedGlobals
    main.o(.text.main) refers to usart.o(.bss.huart1) for huart1
    main.o(.text.main) refers to stm32f4xx_hal_uart.o(.text.HAL_UART_Receive_IT) for HAL_UART_Receive_IT
    main.o(.text.main) refers to jy901.o(.text.JY901S_ZeroCalibration) for JY901S_ZeroCalibration
    main.o(.text.main) refers to xunji.o(.bss..L_MergedGlobals.1) for sensor
    main.o(.text.main) refers to ganweixunji.o(.text.gw_get_value) for gw_get_value
    main.o(.text.main) refers to key.o(.text.key_control) for key_control
    main.o(.text.main) refers to xunji.o(.text.track_line) for track_line
    main.o(.text.main) refers to stm32f4xx_hal.o(.text.HAL_GetTick) for HAL_GetTick
    main.o(.text.main) refers to xunji.o(.data..L_MergedGlobals) for last_valid_position
    main.o(.text.main) refers to f2d.o(.text) for __aeabi_f2d
    main.o(.text.main) refers to printfa.o(i.__0sprintf) for __2sprintf
    main.o(.text.main) refers to oled.o(.text.OLED_ShowString) for OLED_ShowString
    main.o(.text.main) refers to jy901.o(.bss..L_MergedGlobals) for Yaw
    main.o(.text.main) refers to oled.o(.text.OLED_Refresh) for OLED_Refresh
    main.o(.ARM.exidx.text.main) refers to main.o(.text.main) for [Anonymous Symbol]
    main.o(.text.SystemClock_Config) refers to memseta.o(.text) for __aeabi_memclr4
    main.o(.text.SystemClock_Config) refers to stm32f4xx_hal_rcc.o(.text.HAL_RCC_OscConfig) for HAL_RCC_OscConfig
    main.o(.text.SystemClock_Config) refers to stm32f4xx_hal_rcc.o(.text.HAL_RCC_ClockConfig) for HAL_RCC_ClockConfig
[...]
    dma.c                                    0x00000000   Number         0  dma.o ABSOLUTE
    ganweixunji.c                            0x00000000   Number         0  ganweixunji.o ABSOLUTE
    gpio.c                                   0x00000000   Number         0  gpio.o ABSOLUTE
    handlers.s                               0x00000000   Number         0  handlers.o ABSOLUTE
    init.s                                   0x00000000   Number         0  init.o ABSOLUTE
    jy901.c                                  0x00000000   Number         0  jy901.o ABSOLUTE
    key.c                                    0x00000000   Number         0  key.o ABSOLUTE
    main.c                                   0x00000000   Number         0  main.o ABSOLUTE
    motor.c                                  0x00000000   Number         0  motor.o ABSOLUTE
    oled.c                                   0x00000000   Number         0  oled.o ABSOLUTE
    pid.c                                    0x00000000   Number         0  pid.o ABSOLUTE
    spi.c                                    0x00000000   Number         0  spi.o ABSOLUTE
    startup_stm32f407xx.s                    0x00000000   Number         0  startup_stm32f407xx.o ABSOLUTE
    stm32f4xx_hal.c                          0x00000000   Number         0  stm32f4xx_hal.o ABSOLUTE
    stm32f4xx_hal_cortex.c                   0x00000000   Number         0  stm32f4xx_hal_cortex.o ABSOLUTE
    stm32f4xx_hal_dma.c                      0x00000000   Number         0  stm32f4xx_hal_dma.o ABSOLUTE
    stm32f4xx_hal_dma_ex.c                   0x00000000   Number         0  stm32f4xx_hal_dma_ex.o ABSOLUTE
    stm32f4xx_hal_exti.c                     0x00000000   Number         0  stm32f4xx_hal_exti.o ABSOLUTE
    stm32f4xx_hal_flash.c                    0x00000000   Number         0  stm32f4xx_hal_flash.o ABSOLUTE
    stm32f4xx_hal_flash_ex.c                 0x00000000   Number         0  stm32f4xx_hal_flash_ex.o ABSOLUTE
    stm32f4xx_hal_flash_ramfunc.c            0x00000000   Number         0  stm32f4xx_hal_flash_ramfunc.o ABSOLUTE
    stm32f4xx_hal_gpio.c                     0x00000000   Number         0  stm32f4xx_hal_gpio.o ABSOLUTE
    stm32f4xx_hal_msp.c                      0x00000000   Number         0  stm32f4xx_hal_msp.o ABSOLUTE
    stm32f4xx_hal_pwr.c                      0x00000000   Number         0  stm32f4xx_hal_pwr.o ABSOLUTE
    stm32f4xx_hal_pwr_ex.c                   0x00000000   Number         0  stm32f4xx_hal_pwr_ex.o ABSOLUTE
    stm32f4xx_hal_rcc.c                      0x00000000   Number         0  stm32f4xx_hal_rcc.o ABSOLUTE
    stm32f4xx_hal_rcc_ex.c                   0x00000000   Number         0  stm32f4xx_hal_rcc_ex.o ABSOLUTE
    stm32f4xx_hal_spi.c                      0x00000000   Number         0  stm32f4xx_hal_spi.o ABSOLUTE
    stm32f4xx_hal_tim.c                      0x00000000   Number         0  stm32f4xx_hal_tim.o ABSOLUTE
    stm32f4xx_hal_tim_ex.c                   0x00000000   Number         0  stm32f4xx_hal_tim_ex.o ABSOLUTE
    stm32f4xx_hal_uart.c                     0x00000000   Number         0  stm32f4xx_hal_uart.o ABSOLUTE
    stm32f4xx_it.c                           0x00000000   Number         0  stm32f4xx_it.o ABSOLUTE
    system_stm32f4xx.c                       0x00000000   Number         0  system_stm32f4xx.o ABSOLUTE
    tim.c                                    0x00000000   Number         0  tim.o ABSOLUTE
    usart.c                                  0x00000000   Number         0  usart.o ABSOLUTE
    xunji.c                                  0x00000000   Number         0  xunji.o ABSOLUTE
    RESET                                    0x08000000   Section      392  startup_stm32f407xx.o(RESET)
    .ARM.Collect$$$$00000000                 0x08000188   Section        0  entry.o(.ARM.Collect$$$$00000000)
    .ARM.Collect$$$$00000001                 0x08000188   Section        4  entry2.o(.ARM.Collect$$$$00000001)
    .ARM.Collect$$$$00000004                 0x0800018c   Section        4  entry5.o(.ARM.Collect$$$$00000004)
    .ARM.Collect$$$$00000008                 0x08000190   Section        0  entry7b.o(.ARM.Collect$$$$00000008)
    .ARM.Collect$$$$0000000A                 0x08000190   Section        0  entry8b.o(.ARM.Collect$$$$0000000A)
    .ARM.Collect$$$$0000000B                 0x08000190   Section        8  entry9a.o(.ARM.Collect$$$$0000000B)
    __lit__00000000                          0x08000198   Data           4  entry2.o(.ARM.Collect$$$$00002712)
    .ARM.Collect$$$$0000000D                 0x08000198   Section        0  entry10a.o(.ARM.Collect$$$$0000000D)
    .ARM.Collect$$$$0000000F                 0x08000198   Section        0  entry11a.o(.ARM.Collect$$$$0000000F)
    .ARM.Collect$$$$00002712                 0x08000198   Section        4  entry2.o(.ARM.Collect$$$$00002712)
    $v0                                      0x0800019c   Number         0  startup_stm32f407xx.o(.text)
    .text                                    0x0800019c   Section       36  startup_stm32f407xx.o(.text)
    .text                                    0x080001c0   Section        0  uldiv.o(.text)
    .text                                    0x08000222   Section        0  memseta.o(.text)
    .text                                    0x08000246   Section        0  dadd.o(.text)
    .text                                    0x08000394   Section        0  dmul.o(.text)
    .text                                    0x08000478   Section        0  ddiv.o(.text)
    .text                                    0x08000556   Section        0  dcmplt.o(.text)
    .text                                    0x0800058c   Section        0  dfltui.o(.text)
    .text                                    0x080005a6   Section        0  f2d.o(.text)
    .text                                    0x080005cc   Section        0  d2f.o(.text)
    .text                                    0x08000604   Section        0  uidiv.o(.text)
    .text                                    0x08000630   Section        0  llshl.o(.text)
    .text                                    0x0800064e   Section        0  llushr.o(.text)
    .text                                    0x0800066e   Section        0  llsshr.o(.text)
    .text                                    0x08000692   Section        0  iusefp.o(.text)
    .text                                    0x08000692   Section        0  fepilogue.o(.text)
    .text                                    0x08000700   Section        0  depilogue.o(.text)
    .text                                    0x080007ba   Section        0  dfixul.o(.text)
    .text                                    0x080007ec   Section       48  cdrcmple.o(.text)
    .text                                    0x0800081c   Section       48  init.o(.text)
    [Anonymous Symbol]                       0x0800084c   Section        0  stm32f4xx_it.o(.text.BusFault_Handler)
    [Anonymous Symbol]                       0x08000850   Section        0  stm32f4xx_it.o(.text.DMA2_Stream2_IRQHandler)
    [Anonymous Symbol]                       0x0800085c   Section        0  stm32f4xx_it.o(.text.DMA2_Stream7_IRQHandler)
    [Anonymous Symbol]                       0x08000868   Section        0  stm32f4xx_it.o(.text.DebugMon_Handler)
    [Anonymous Symbol]                       0x0800086c   Section        0  delay.o(.text.Delay_us)
    [Anonymous Symbol]                       0x080008d4   Section        0  main.o(.text.Error_Handler)
    [Anonymous Symbol]                       0x080008dc   Section        0  stm32f4xx_hal_dma.o(.text.HAL_DMA_Abort)
    [Anonymous Symbol]                       0x0800096c   Section        0  stm32f4xx_hal_dma.o(.text.HAL_DMA_Abort_IT)
    [Anonymous Symbol]                       0x08000990   Section        0  stm32f4xx_hal_dma.o(.text.HAL_DMA_IRQHandler)
    [Anonymous Symbol]                       0x08000b54   Section        0  stm32f4xx_hal_dma.o(.text.HAL_DMA_Init)
    [Anonymous Symbol]                       0x08000cb8   Section        0  stm32f4xx_hal_dma.o(.text.HAL_DMA_Start_IT)
    [Anonymous Symbol]                       0x08000d5c   Section        0  stm32f4xx_hal.o(.text.HAL_Delay)
    [Anonymous Symbol]                       0x08000d84   Section        0  stm32f4xx_hal_gpio.o(.text.HAL_GPIO_Init)
    [Anonymous Symbol]                       0x08000f24   Section        0  stm32f4xx_hal_gpio.o(.text.HAL_GPIO_ReadPin)
    [Anonymous Symbol]                       0x08000f30   Section        0  stm32f4xx_hal_gpio.o(.text.HAL_GPIO_WritePin)
    [Anonymous Symbol]                       0x08000f3c   Section        0  stm32f4xx_hal.o(.text.HAL_GetTick)
    [Anonymous Symbol]                       0x08000f48   Section        0  stm32f4xx_hal.o(.text.HAL_IncTick)
    [Anonymous Symbol]                       0x08000f64   Section        0  stm32f4xx_hal.o(.text.HAL_Init)
    [Anonymous Symbol]                       0x08000f9c   Section        0  stm32f4xx_hal.o(.text.HAL_InitTick)
    [Anonymous Symbol]                       0x08000fe4   Section        0  stm32f4xx_hal_msp.o(.text.HAL_MspInit)
    [Anonymous Symbol]                       0x0800101c   Section        0  stm32f4xx_hal_cortex.o(.text.HAL_NVIC_EnableIRQ)
    [Anonymous Symbol]                       0x08001040   Section        0  stm32f4xx_hal_cortex.o(.text.HAL_NVIC_SetPriority)
    [Anonymous Symbol]                       0x08001098   Section        0  stm32f4xx_hal_cortex.o(.text.HAL_NVIC_SetPriorityGrouping)
    [Anonymous Symbol]                       0x080010b8   Section        0  stm32f4xx_hal_rcc.o(.text.HAL_RCC_ClockConfig)
    [Anonymous Symbol]                       0x0800121c   Section        0  stm32f4xx_hal_rcc.o(.text.HAL_RCC_GetPCLK1Freq)
    [Anonymous Symbol]                       0x08001244   Section        0  stm32f4xx_hal_rcc.o(.text.HAL_RCC_GetPCLK2Freq)
    [Anonymous Symbol]                       0x0800126c   Section        0  stm32f4xx_hal_rcc.o(.text.HAL_RCC_GetSysClockFreq)
    [Anonymous Symbol]                       0x080012d8   Section        0  stm32f4xx_hal_rcc.o(.text.HAL_RCC_OscConfig)
    [Anonymous Symbol]                       0x08001684   Section        0  stm32f4xx_hal_spi.o(.text.HAL_SPI_Init)
    [Anonymous Symbol]                       0x08001734   Section        0  spi.o(.text.HAL_SPI_MspInit)
    [Anonymous Symbol]                       0x080017f8   Section        0  stm32f4xx_hal_cortex.o(.text.HAL_SYSTICK_Config)
    [Anonymous Symbol]                       0x08001824   Section        0  stm32f4xx_hal_tim_ex.o(.text.HAL_TIMEx_BreakCallback)
    [Anonymous Symbol]                       0x08001828   Section        0  stm32f4xx_hal_tim_ex.o(.text.HAL_TIMEx_CommutCallback)
    [Anonymous Symbol]                       0x0800182c   Section        0  stm32f4xx_hal_tim_ex.o(.text.HAL_TIMEx_MasterConfigSynchronization)
    [Anonymous Symbol]                       0x080018e8   Section        0  stm32f4xx_hal_tim.o(.text.HAL_TIM_Base_Init)
    [Anonymous Symbol]                       0x08001944   Section        0  tim.o(.text.HAL_TIM_Base_MspInit)
    [Anonymous Symbol]                       0x08001a0c   Section        0  stm32f4xx_hal_tim.o(.text.HAL_TIM_Base_Start_IT)
    [Anonymous Symbol]                       0x08001ab8   Section        0  stm32f4xx_hal_tim.o(.text.HAL_TIM_ConfigClockSource)
    [Anonymous Symbol]                       0x08001c58   Section        0  stm32f4xx_hal_tim.o(.text.HAL_TIM_Encoder_Init)
    [Anonymous Symbol]                       0x08001d0c   Section        0  tim.o(.text.HAL_TIM_Encoder_MspInit)
    [Anonymous Symbol]                       0x08001dc4   Section        0  stm32f4xx_hal_tim.o(.text.HAL_TIM_Encoder_Start)
    [Anonymous Symbol]                       0x08001e80   Section        0  stm32f4xx_hal_tim.o(.text.HAL_TIM_IC_CaptureCallback)
    [Anonymous Symbol]                       0x08001e84   Section        0  stm32f4xx_hal_tim.o(.text.HAL_TIM_IRQHandler)
    [Anonymous Symbol]                       0x08001fd4   Section        0  stm32f4xx_hal_tim.o(.text.HAL_TIM_OC_DelayElapsedCallback)
    [Anonymous Symbol]                       0x08001fd8   Section        0  stm32f4xx_hal_tim.o(.text.HAL_TIM_PWM_ConfigChannel)
    [Anonymous Symbol]                       0x080021f8   Section        0  stm32f4xx_hal_tim.o(.text.HAL_TIM_PWM_Init)
    [Anonymous Symbol]                       0x08002254   Section        0  stm32f4xx_hal_tim.o(.text.HAL_TIM_PWM_MspInit)
    [Anonymous Symbol]                       0x08002258   Section        0  stm32f4xx_hal_tim.o(.text.HAL_TIM_PWM_PulseFinishedCallback)
    [Anonymous Symbol]                       0x0800225c   Section        0  stm32f4xx_hal_tim.o(.text.HAL_TIM_PWM_Start)
    [Anonymous Symbol]                       0x0800236c   Section        0  motor.o(.text.HAL_TIM_PeriodElapsedCallback)
    [Anonymous Symbol]                       0x0800241c   Section        0  stm32f4xx_hal_tim.o(.text.HAL_TIM_TriggerCallback)
    [Anonymous Symbol]                       0x08002420   Section        0  stm32f4xx_hal_uart.o(.text.HAL_UARTEx_RxEventCallback)
    [Anonymous Symbol]                       0x08002424   Section        0  stm32f4xx_hal_uart.o(.text.HAL_UART_ErrorCallback)
    [Anonymous Symbol]                       0x08002428   Section        0  stm32f4xx_hal_uart.o(.text.HAL_UART_IRQHandler)
    [Anonymous Symbol]                       0x080029bc   Section        0  stm32f4xx_hal_uart.o(.text.HAL_UART_Init)
    [Anonymous Symbol]                       0x08002a1c   Section        0  usart.o(.text.HAL_UART_MspInit)
    [Anonymous Symbol]                       0x08002b84   Section        0  stm32f4xx_hal_uart.o(.text.HAL_UART_Receive_DMA)
    [Anonymous Symbol]                       0x08002d04   Section        0  stm32f4xx_hal_uart.o(.text.HAL_UART_Receive_IT)
    [Anonymous Symbol]                       0x08002d58   Section        0  main.o(.text.HAL_UART_RxCpltCallback)
    [Anonymous Symbol]                       0x08002d98   Section        0  stm32f4xx_hal_uart.o(.text.HAL_UART_RxHalfCpltCallback)
    [Anonymous Symbol]                       0x08002d9c   Section        0  stm32f4xx_hal_uart.o(.text.HAL_UART_Transmit)
    [Anonymous Symbol]                       0x08002f30   Section        0  stm32f4xx_hal_uart.o(.text.HAL_UART_TxCpltCallback)
    [Anonymous Symbol]                       0x08002f34   Section        0  stm32f4xx_it.o(.text.HardFault_Handler)
    [Anonymous Symbol]                       0x08002f38   Section        0  ganweixunji.o(.text.IIC_ReadBytes)
    [Anonymous Symbol]                       0x08003084   Section        0  ganweixunji.o(.text.IIC_RecvByte)
    [Anonymous Symbol]                       0x0800326c   Section        0  ganweixunji.o(.text.IIC_SendByte)
    [Anonymous Symbol]                       0x08003410   Section        0  jy901.o(.text.JY901S_ZeroCalibration)
    [Anonymous Symbol]                       0x0800347c   Section        0  motor.o(.text.Limit)
    [Anonymous Symbol]                       0x080034dc   Section        0  dma.o(.text.MX_DMA_Init)
    [Anonymous Symbol]                       0x08003524   Section        0  gpio.o(.text.MX_GPIO_Init)
    [Anonymous Symbol]                       0x08003668   Section        0  spi.o(.text.MX_SPI1_Init)
    [Anonymous Symbol]                       0x080036b4   Section        0  spi.o(.text.MX_SPI2_Init)
    [Anonymous Symbol]                       0x08003704   Section        0  tim.o(.text.MX_TIM12_Init)
    [Anonymous Symbol]                       0x08003760   Section        0  tim.o(.text.MX_TIM1_Init)
    [Anonymous Symbol]                       0x080037cc   Section        0  tim.o(.text.MX_TIM2_Init)
    [Anonymous Symbol]                       0x08003830   Section        0  tim.o(.text.MX_TIM3_Init)
    [Anonymous Symbol]                       0x0800396c   Section        0  tim.o(.text.MX_TIM4_Init)
    [Anonymous Symbol]                       0x08003aac   Section        0  tim.o(.text.MX_TIM5_Init)
    [Anonymous Symbol]                       0x08003b24   Section        0  usart.o(.text.MX_USART1_UART_Init)
    [Anonymous Symbol]                       0x08003b60   Section        0  usart.o(.text.MX_USART2_UART_Init)
    [Anonymous Symbol]                       0x08003b9c   Section        0  stm32f4xx_it.o(.text.MemManage_Handler)
    [Anonymous Symbol]                       0x08003ba0   Section        0  stm32f4xx_it.o(.text.NMI_Handler)
    [Anonymous Symbol]                       0x08003ba4   Section        0  oled.o(.text.OLED_Init)
    [Anonymous Symbol]                       0x08004120   Section        0  oled.o(.text.OLED_Refresh)
    [Anonymous Symbol]                       0x08004290   Section        0  oled.o(.text.OLED_ShowChar)
    [Anonymous Symbol]                       0x08004860   Section        0  oled.o(.text.OLED_ShowString)
    [Anonymous Symbol]                       0x080048b4   Section        0  oled.o(.text.OLED_WR_Byte)
    [Anonymous Symbol]                       0x08004acc   Section        0  stm32f4xx_it.o(.text.PendSV_Handler)
    [Anonymous Symbol]                       0x08004ad0   Section        0  stm32f4xx_it.o(.text.SVC_Handler)
    [Anonymous Symbol]                       0x08004ad4   Section        0  stm32f4xx_it.o(.text.SysTick_Handler)
    [Anonymous Symbol]                       0x08004ad8   Section        0  main.o(.text.SystemClock_Config)
    [Anonymous Symbol]                       0x08004b80   Section        0  system_stm32f4xx.o(.text.SystemInit)
    [Anonymous Symbol]                       0x08004b94   Section        0  stm32f4xx_it.o(.text.TIM5_IRQHandler)
    [Anonymous Symbol]                       0x08004ba0   Section        0  stm32f4xx_it.o(.text.TIM8_BRK_TIM12_IRQHandler)
    [Anonymous Symbol]                       0x08004bac   Section        0  stm32f4xx_hal_tim.o(.text.TIM_Base_SetConfig)
    UART_DMAAbortOnError                     0x08004ce9   Thumb Code    10  stm32f4xx_hal_uart.o(.text.UART_DMAAbortOnError)
    [Anonymous Symbol]                       0x08004ce8   Section        0  stm32f4xx_hal_uart.o(.text.UART_DMAAbortOnError)
    UART_DMAError                            0x08004cf5   Thumb Code   380  stm32f4xx_hal_uart.o(.text.UART_DMAError)
    [Anonymous Symbol]                       0x08004cf4   Section        0  stm32f4xx_hal_uart.o(.text.UART_DMAError)
    UART_DMAReceiveCplt                      0x08004e71   Thumb Code   350  stm32f4xx_hal_uart.o(.text.UART_DMAReceiveCplt)
    [Anonymous Symbol]                       0x08004e70   Section        0  stm32f4xx_hal_uart.o(.text.UART_DMAReceiveCplt)
    UART_DMARxHalfCplt                       0x08004fd1   Thumb Code    24  stm32f4xx_hal_uart.o(.text.UART_DMARxHalfCplt)
    [Anonymous Symbol]                       0x08004fd0   Section        0  stm32f4xx_hal_uart.o(.text.UART_DMARxHalfCplt)
    UART_Receive_IT                          0x08004fe9   Thumb Code   254  stm32f4xx_hal_uart.o(.text.UART_Receive_IT)
    [Anonymous Symbol]                       0x08004fe8   Section        0  stm32f4xx_hal_uart.o(.text.UART_Receive_IT)
    UART_SetConfig                           0x080050e9   Thumb Code   230  stm32f4xx_hal_uart.o(.text.UART_SetConfig)
    [Anonymous Symbol]                       0x080050e8   Section        0  stm32f4xx_hal_uart.o(.text.UART_SetConfig)
    [Anonymous Symbol]                       0x080051d0   Section        0  stm32f4xx_it.o(.text.USART1_IRQHandler)
    [Anonymous Symbol]                       0x080051dc   Section        0  stm32f4xx_it.o(.text.UsageFault_Handler)
    [Anonymous Symbol]                       0x080051e0   Section        0  pid.o(.text.control_speed)
    [Anonymous Symbol]                       0x080054e8   Section        0  ganweixunji.o(.text.gw_get_value)
    [Anonymous Symbol]                       0x0800550c   Section        0  xunji.o(.text.is_line_lost)
    [Anonymous Symbol]                       0x08005518   Section        0  jy901.o(.text.jy901_ReceiveData)
    [Anonymous Symbol]                       0x080057d8   Section        0  key.o(.text.key_control)
    [Anonymous Symbol]                       0x08005828   Section        0  main.o(.text.main)
    [Anonymous Symbol]                       0x080059d4   Section        0  motor.o(.text.motor_init)
    [Anonymous Symbol]                       0x08005a2c   Section        0  motor.o(.text.set_speed)
    [Anonymous Symbol]                       0x08005bc4   Section        0  xunji.o(.text.track_line)
    i.__0sprintf                             0x08005dc0   Section        0  printfa.o(i.__0sprintf)
    i.__scatterload_copy                     0x08005de8   Section       14  handlers.o(i.__scatterload_copy)
    i.__scatterload_null                     0x08005df6   Section        2  handlers.o(i.__scatterload_null)
    i.__scatterload_zeroinit                 0x08005df8   Section       14  handlers.o(i.__scatterload_zeroinit)
    _fp_digits                               0x08005e09   Thumb Code   366  printfa.o(i._fp_digits)
    i._fp_digits                             0x08005e08   Section        0  printfa.o(i._fp_digits)
    _printf_core                             0x08005f8d   Thumb Code  1744  printfa.o(i._printf_core)
    i._printf_core                           0x08005f8c   Section        0  printfa.o(i._printf_core)
    _printf_post_padding                     0x08006669   Thumb Code    36  printfa.o(i._printf_post_padding)
    i._printf_post_padding                   0x08006668   Section        0  printfa.o(i._printf_post_padding)
    _printf_pre_padding                      0x0800668d   Thumb Code    46  printfa.o(i._printf_pre_padding)
    i._printf_pre_padding                    0x0800668c   Section        0  printfa.o(i._printf_pre_padding)
    _sputc                                   0x080066bb   Thumb Code    10  printfa.o(i._sputc)
    i._sputc                                 0x080066ba   Section        0  printfa.o(i._sputc)
    DMA_CalcBaseAndBitshift.flagBitshiftOffset 0x080080c4   Data           8  stm32f4xx_hal_dma.o(.rodata.cst8)
    [Anonymous Symbol]                       0x080080c4   Section        0  stm32f4xx_hal_dma.o(.rodata.cst8)
    .L_MergedGlobals                         0x20000000   Data           8  stm32f4xx_hal.o(.data..L_MergedGlobals)
    [Anonymous Symbol]                       0x20000000   Section        0  stm32f4xx_hal.o(.data..L_MergedGlobals)
    .L_MergedGlobals                         0x20000008   Data          28  xunji.o(.data..L_MergedGlobals)
    [Anonymous Symbol]                       0x20000008   Section        0  xunji.o(.data..L_MergedGlobals)
    position_history                         0x20000010   Data          20  xunji.o(.data..L_MergedGlobals)
    .L_MergedGlobals                         0x20000024   Data          36  pid.o(.data..L_MergedGlobals)
    [Anonymous Symbol]                       0x20000024   Section        0  pid.o(.data..L_MergedGlobals)
    .L_MergedGlobals                         0x20000050   Data          38  main.o(.bss..L_MergedGlobals)
    [Anonymous Symbol]                       0x20000050   Section        0  main.o(.bss..L_MergedGlobals)
    .L_MergedGlobals                         0x20000078   Data          36  motor.o(.bss..L_MergedGlobals)
    [Anonymous Symbol]                       0x20000078   Section        0  motor.o(.bss..L_MergedGlobals)
    HAL_TIM_PeriodElapsedCallback.prev_time  0x20000080   Data           4  motor.o(.bss..L_MergedGlobals)
    .L_MergedGlobals                         0x2000009c   Data          51  jy901.o(.bss..L_MergedGlobals)
    RxState                                  0x2000009c   Data           1  jy901.o(.bss..L_MergedGlobals)
    [Anonymous Symbol]                       0x2000009c   Section        0  jy901.o(.bss..L_MergedGlobals)
    RxIndex                                  0x2000009d   Data           1  jy901.o(.bss..L_MergedGlobals)
    RxBuffer                                 0x200000c4   Data          11  jy901.o(.bss..L_MergedGlobals)
    .L_MergedGlobals.1                       0x200000d0   Data          16  xunji.o(.bss..L_MergedGlobals.1)
    [Anonymous Symbol]                       0x200000d0   Section        0  xunji.o(.bss..L_MergedGlobals.1)
    history_index                            0x200000d1   Data           1  xunji.o(.bss..L_MergedGlobals.1)
    .L_MergedGlobals.1                       0x200000e0   Data          80  pid.o(.bss..L_MergedGlobals.1)
    [Anonymous Symbol]                       0x200000e0   Section        0  pid.o(.bss..L_MergedGlobals.1)
    first_set                                0x2000012c   Data           4  pid.o(.bss..L_MergedGlobals.1)
    STACK                                    0x20000978   Section     4096  startup_stm32f407xx.o(STACK)

    Global Symbols

    Symbol Name                              Value     Ov Type        Size  Object(Section)

    BuildAttributes$$THM_ISAv4$E$P$D$K$B$S$7EM$VFPi3$EXTD16$VFPS$VFMA$PE$A:L22UL41UL21$X:L11$S22US41US21$IEEE1$IW$~IW$USESV6$~STKCKD$USESV7$~SHL$OTIME$ROPI$EBA8$MICROLIB$REQ8$PRES8$EABIv2 0x00000000   Number         0  anon$$obj.o ABSOLUTE
    _printf_a                                0x00000000   Number         0  printfstubs.o ABSOLUTE
    _printf_c                                0x00000000   Number         0  printfstubs.o ABSOLUTE
    _printf_charcount                        0x00000000   Number         0  printfstubs.o ABSOLUTE
    _printf_d                                0x00000000   Number         0  printfstubs.o ABSOLUTE
    _printf_e                                0x00000000   Number         0  printfstubs.o ABSOLUTE
    _printf_f                                0x00000000   Number         0  printfstubs.o ABSOLUTE
    _printf_flags                            0x00000000   Number         0  printfstubs.o ABSOLUTE
    _printf_fp_dec                           0x00000000   Number         0  printfstubs.o ABSOLUTE
    _printf_fp_hex                           0x00000000   Number         0  printfstubs.o ABSOLUTE
    _printf_g                                0x00000000   Number         0  printfstubs.o ABSOLUTE
    _printf_i                                0x00000000   Number         0  printfstubs.o ABSOLUTE
    _printf_int_dec                          0x00000000   Number         0  printfstubs.o ABSOLUTE
    _printf_l                                0x00000000   Number         0  printfstubs.o ABSOLUTE
    _printf_lc                               0x00000000   Number         0  printfstubs.o ABSOLUTE
    _printf_ll                               0x00000000   Number         0  printfstubs.o ABSOLUTE
    _printf_lld                              0x00000000   Number         0  printfstubs.o ABSOLUTE
    _printf_lli                              0x00000000   Number         0  printfstubs.o ABSOLUTE
    _printf_llo                              0x00000000   Number         0  printfstubs.o ABSOLUTE
    _printf_llu                              0x00000000   Number         0  printfstubs.o ABSOLUTE
    _printf_llx                              0x00000000   Number         0  printfstubs.o ABSOLUTE
    _printf_longlong_dec                     0x00000000   Number         0  printfstubs.o ABSOLUTE
    _printf_longlong_hex                     0x00000000   Number         0  printfstubs.o ABSOLUTE
    _printf_longlong_oct                     0x00000000   Number         0  printfstubs.o ABSOLUTE
    _printf_ls                               0x00000000   Number         0  printfstubs.o ABSOLUTE
    _printf_mbtowc                           0x00000000   Number         0  printfstubs.o ABSOLUTE
    _printf_n                                0x00000000   Number         0  printfstubs.o ABSOLUTE
    _printf_o                                0x00000000   Number         0  printfstubs.o ABSOLUTE
    _printf_p                                0x00000000   Number         0  printfstubs.o ABSOLUTE
    _printf_percent                          0x00000000   Number         0  printfstubs.o ABSOLUTE
    _printf_pre_padding                      0x00000000   Number         0  printfstubs.o ABSOLUTE
    _printf_return_value                     0x00000000   Number         0  printfstubs.o ABSOLUTE
    _printf_s                                0x00000000   Number         0  printfstubs.o ABSOLUTE
    _printf_sizespec                         0x00000000   Number         0  printfstubs.o ABSOLUTE
    _printf_str                              0x00000000   Number         0  printfstubs.o ABSOLUTE
    _printf_truncate_signed                  0x00000000   Number         0  printfstubs.o ABSOLUTE
    _printf_truncate_unsigned                0x00000000   Number         0  printfstubs.o ABSOLUTE
    _printf_u                                0x00000000   Number         0  printfstubs.o ABSOLUTE
    _printf_wc                               0x00000000   Number         0  printfstubs.o ABSOLUTE
    _printf_wctomb                           0x00000000   Number         0  printfstubs.o ABSOLUTE
    _printf_widthprec                        0x00000000   Number         0  printfstubs.o ABSOLUTE
    _printf_x                                0x00000000   Number         0  printfstubs.o ABSOLUTE
    __cpp_initialize__aeabi_                  - Undefined Weak Reference
    __cxa_finalize                            - Undefined Weak Reference
    __decompress                              - Undefined Weak Reference
    _clock_init                               - Undefined Weak Reference
    _microlib_exit                            - Undefined Weak Reference
    __Vectors_Size                           0x00000188   Number         0  startup_stm32f407xx.o ABSOLUTE
    __Vectors                                0x08000000   Data           4  startup_stm32f407xx.o(RESET)
    __Vectors_End                            0x08000188   Data           0  startup_stm32f407xx.o(RESET)
    __main                                   0x08000189   Thumb Code     0  entry.o(.ARM.Collect$$$$00000000)
    _main_stk                                0x08000189   Thumb Code     0  entry2.o(.ARM.Collect$$$$00000001)
    _main_scatterload                        0x0800018d   Thumb Code     0  entry5.o(.ARM.Collect$$$$00000004)
    __main_after_scatterload                 0x08000191   Thumb Code     0  entry5.o(.ARM.Collect$$$$00000004)
    _main_clock                              0x08000191   Thumb Code     0  entry7b.o(.ARM.Collect$$$$00000008)
    _main_cpp_init                           0x08000191   Thumb Code     0  entry8b.o(.ARM.Collect$$$$0000000A)
    _main_init                               0x08000191   Thumb Code     0  entry9a.o(.ARM.Collect$$$$0000000B)
    __rt_final_cpp                           0x08000199   Thumb Code     0  entry10a.o(.ARM.Collect$$$$0000000D)
    __rt_final_exit                          0x08000199   Thumb Code     0  entry11a.o(.ARM.Collect$$$$0000000F)
    Reset_Handler                            0x0800019d   Thumb Code     8  startup_stm32f407xx.o(.text)
    ADC_IRQHandler                           0x080001b7   Thumb Code     0  startup_stm32f407xx.o(.text)
    CAN1_RX0_IRQHandler                      0x080001b7   Thumb Code     0  startup_stm32f407xx.o(.text)
    CAN1_RX1_IRQHandler                      0x080001b7   Thumb Code     0  startup_stm32f407xx.o(.text)
    CAN1_SCE_IRQHandler                      0x080001b7   Thumb Code     0  startup_stm32f407xx.o(.text)
    CAN1_TX_IRQHandler                       0x080001b7   Thumb Code     0  startup_stm32f407xx.o(.text)
    CAN2_RX0_IRQHandler                      0x080001b7   Thumb Code     0  startup_stm32f407xx.o(.text)
    CAN2_RX1_IRQHandler                      0x080001b7   Thumb Code     0  startup_stm32f407xx.o(.text)
    CAN2_SCE_IRQHandler                      0x080001b7   Thumb Code     0  startup_stm32f407xx.o(.text)
    CAN2_TX_IRQHandler                       0x080001b7   Thumb Code     0  startup_stm32f407xx.o(.text)
    DCMI_IRQHandler                          0x080001b7   Thumb Code     0  startup_stm32f407xx.o(.text)
    DMA1_Stream0_IRQHandler                  0x080001b7   Thumb Code     0  startup_stm32f407xx.o(.text)
    DMA1_Stream1_IRQHandler                  0x080001b7   Thumb Code     0  startup_stm32f407xx.o(.text)
    DMA1_Stream2_IRQHandler                  0x080001b7   Thumb Code     0  startup_stm32f407xx.o(.text)
    DMA1_Stream3_IRQHandler                  0x080001b7   Thumb Code     0  startup_stm32f407xx.o(.text)
    DMA1_Stream4_IRQHandler                  0x080001b7   Thumb Code     0  startup_stm32f407xx.o(.text)
    DMA1_Stream5_IRQHandler                  0x080001b7   Thumb Code     0  startup_stm32f407xx.o(.text)
    DMA1_Stream6_IRQHandler                  0x080001b7   Thumb Code     0  startup_stm32f407xx.o(.text)
    DMA1_Stream7_IRQHandler                  0x080001b7   Thumb Code     0  startup_stm32f407xx.o(.text)
    DMA2_Stream0_IRQHandler                  0x080001b7   Thumb Code     0  startup_stm32f407xx.o(.text)
    DMA2_Stream1_IRQHandler                  0x080001b7   Thumb Code     0  startup_stm32f407xx.o(.text)
    DMA2_Stream3_IRQHandler                  0x080001b7   Thumb Code     0  startup_stm32f407xx.o(.text)
    DMA2_Stream4_IRQHandler                  0x080001b7   Thumb Code     0  startup_stm32f407xx.o(.text)
    DMA2_Stream5_IRQHandler                  0x080001b7   Thumb Code     0  startup_stm32f407xx.o(.text)
    DMA2_Stream6_IRQHandler                  0x080001b7   Thumb Code     0  startup_stm32f407xx.o(.text)
    ETH_IRQHandler                           0x080001b7   Thumb Code     0  startup_stm32f407xx.o(.text)
    ETH_WKUP_IRQHandler                      0x080001b7   Thumb Code     0  startup_stm32f407xx.o(.text)
    EXTI0_IRQHandler                         0x080001b7   Thumb Code     0  startup_stm32f407xx.o(.text)
    EXTI15_10_IRQHandler                     0x080001b7   Thumb Code     0  startup_stm32f407xx.o(.text)
    EXTI1_IRQHandler                         0x080001b7   Thumb Code     0  startup_stm32f407xx.o(.text)
    EXTI2_IRQHandler                         0x080001b7   Thumb Code     0  startup_stm32f407xx.o(.text)
    EXTI3_IRQHandler                         0x080001b7   Thumb Code     0  startup_stm32f407xx.o(.text)
    EXTI4_IRQHandler                         0x080001b7   Thumb Code     0  startup_stm32f407xx.o(.text)
    EXTI9_5_IRQHandler                       0x080001b7   Thumb Code     0  startup_stm32f407xx.o(.text)
    FLASH_IRQHandler                         0x080001b7   Thumb Code     0  startup_stm32f407xx.o(.text)
    FMC_IRQHandler                           0x080001b7   Thumb Code     0  startup_stm32f407xx.o(.text)
    FPU_IRQHandler                           0x080001b7   Thumb Code     0  startup_stm32f407xx.o(.text)
    HASH_RNG_IRQHandler                      0x080001b7   Thumb Code     0  startup_stm32f407xx.o(.text)
    I2C1_ER_IRQHandler                       0x080001b7   Thumb Code     0  startup_stm32f407xx.o(.text)
    I2C1_EV_IRQHandler                       0x080001b7   Thumb Code     0  startup_stm32f407xx.o(.text)
    I2C2_ER_IRQHandler                       0x080001b7   Thumb Code     0  startup_stm32f407xx.o(.text)
    I2C2_EV_IRQHandler                       0x080001b7   Thumb Code     0  startup_stm32f407xx.o(.text)
    I2C3_ER_IRQHandler                       0x080001b7   Thumb Code     0  startup_stm32f407xx.o(.text)
    I2C3_EV_IRQHandler                       0x080001b7   Thumb Code     0  startup_stm32f407xx.o(.text)
    OTG_FS_IRQHandler                        0x080001b7   Thumb Code     0  startup_stm32f407xx.o(.text)
    OTG_FS_WKUP_IRQHandler                   0x080001b7   Thumb Code     0  startup_stm32f407xx.o(.text)
    OTG_HS_EP1_IN_IRQHandler                 0x080001b7   Thumb Code     0  startup_stm32f407xx.o(.text)
    OTG_HS_EP1_OUT_IRQHandler                0x080001b7   Thumb Code     0  startup_stm32f407xx.o(.text)
    OTG_HS_IRQHandler                        0x080001b7   Thumb Code     0  startup_stm32f407xx.o(.text)
    OTG_HS_WKUP_IRQHandler                   0x080001b7   Thumb Code     0  startup_stm32f407xx.o(.text)
    PVD_IRQHandler                           0x080001b7   Thumb Code     0  startup_stm32f407xx.o(.text)
    RCC_IRQHandler                           0x080001b7   Thumb Code     0  startup_stm32f407xx.o(.text)
    RTC_Alarm_IRQHandler                     0x080001b7   Thumb Code     0  startup_stm32f407xx.o(.text)
    RTC_WKUP_IRQHandler                      0x080001b7   Thumb Code     0  startup_stm32f407xx.o(.text)
    SDIO_IRQHandler                          0x080001b7   Thumb Code     0  startup_stm32f407xx.o(.text)
    SPI1_IRQHandler                          0x080001b7   Thumb Code     0  startup_stm32f407xx.o(.text)
    SPI2_IRQHandler                          0x080001b7   Thumb Code     0  startup_stm32f407xx.o(.text)
    SPI3_IRQHandler                          0x080001b7   Thumb Code     0  startup_stm32f407xx.o(.text)
    TAMP_STAMP_IRQHandler                    0x080001b7   Thumb Code     0  startup_stm32f407xx.o(.text)
    TIM1_BRK_TIM9_IRQHandler                 0x080001b7   Thumb Code     0  startup_stm32f407xx.o(.text)
    TIM1_CC_IRQHandler                       0x080001b7   Thumb Code     0  startup_stm32f407xx.o(.text)
    TIM1_TRG_COM_TIM11_IRQHandler            0x080001b7   Thumb Code     0  startup_stm32f407xx.o(.text)
    TIM1_UP_TIM10_IRQHandler                 0x080001b7   Thumb Code     0  startup_stm32f407xx.o(.text)
    TIM2_IRQHandler                          0x080001b7   Thumb Code     0  startup_stm32f407xx.o(.text)
    TIM3_IRQHandler                          0x080001b7   Thumb Code     0  startup_stm32f407xx.o(.text)
    TIM4_IRQHandler                          0x080001b7   Thumb Code     0  startup_stm32f407xx.o(.text)
    TIM6_DAC_IRQHandler                      0x080001b7   Thumb Code     0  startup_stm32f407xx.o(.text)
    TIM7_IRQHandler                          0x080001b7   Thumb Code     0  startup_stm32f407xx.o(.text)
    TIM8_CC_IRQHandler                       0x080001b7   Thumb Code     0  startup_stm32f407xx.o(.text)
    TIM8_TRG_COM_TIM14_IRQHandler            0x080001b7   Thumb Code     0  startup_stm32f407xx.o(.text)
    TIM8_UP_TIM13_IRQHandler                 0x080001b7   Thumb Code     0  startup_stm32f407xx.o(.text)
    UART4_IRQHandler                         0x080001b7   Thumb Code     0  startup_stm32f407xx.o(.text)
    UART5_IRQHandler                         0x080001b7   Thumb Code     0  startup_stm32f407xx.o(.text)
    USART2_IRQHandler                        0x080001b7   Thumb Code     0  startup_stm32f407xx.o(.text)
    USART3_IRQHandler                        0x080001b7   Thumb Code     0  startup_stm32f407xx.o(.text)
    USART6_IRQHandler                        0x080001b7   Thumb Code     0  startup_stm32f407xx.o(.text)
    WWDG_IRQHandler                          0x080001b7   Thumb Code     0  startup_stm32f407xx.o(.text)
    __aeabi_uldivmod                         0x080001c1   Thumb Code    98  uldiv.o(.text)
    __aeabi_memset                           0x08000223   Thumb Code    14  memseta.o(.text)
    __aeabi_memset4                          0x08000223   Thumb Code     0  memseta.o(.text)
    __aeabi_memset8                          0x08000223   Thumb Code     0  memseta.o(.text)
    __aeabi_memclr                           0x08000231   Thumb Code     4  memseta.o(.text)
    __aeabi_memclr4                          0x08000231   Thumb Code     0  memseta.o(.text)
    __aeabi_memclr8                          0x08000231   Thumb Code     0  memseta.o(.text)
    _memset$wrapper                          0x08000235   Thumb Code    18  memseta.o(.text)
    __aeabi_dadd                             0x08000247   Thumb Code   322  dadd.o(.text)
    __aeabi_dsub                             0x08000389   Thumb Code     6  dadd.o(.text)
    __aeabi_drsub                            0x0800038f   Thumb Code     6  dadd.o(.text)
    __aeabi_dmul                             0x08000395   Thumb Code   228  dmul.o(.text)
    __aeabi_ddiv                             0x08000479   Thumb Code   222  ddiv.o(.text)
    __aeabi_dcmplt                           0x08000557   Thumb Code    54  dcmplt.o(.text)
    __aeabi_ui2d                             0x0800058d   Thumb Code    26  dfltui.o(.text)
    __aeabi_f2d                              0x080005a7   Thumb Code    38  f2d.o(.text)
    __aeabi_d2f                              0x080005cd   Thumb Code    56  d2f.o(.text)
    __aeabi_uidiv                            0x08000605   Thumb Code     0  uidiv.o(.text)
    __aeabi_uidivmod                         0x08000605   Thumb Code    44  uidiv.o(.text)
    __aeabi_llsl                             0x08000631   Thumb Code    30  llshl.o(.text)
    _ll_shift_l                              0x08000631   Thumb Code     0  llshl.o(.text)
    __aeabi_llsr                             0x0800064f   Thumb Code    32  llushr.o(.text)
    _ll_ushift_r                             0x0800064f   Thumb Code     0  llushr.o(.text)
    __aeabi_lasr                             0x0800066f   Thumb Code    36  llsshr.o(.text)
    _ll_sshift_r                             0x0800066f   Thumb Code     0  llsshr.o(.text)
    __I$use$fp                               0x08000693   Thumb Code     0  iusefp.o(.text)
    _float_round                             0x08000693   Thumb Code    18  fepilogue.o(.text)
    _float_epilogue                          0x080006a5   Thumb Code    92  fepilogue.o(.text)
    _double_round                            0x08000701   Thumb Code    30  depilogue.o(.text)
    _double_epilogue                         0x0800071f   Thumb Code   156  depilogue.o(.text)
    __aeabi_d2ulz                            0x080007bb   Thumb Code    48  dfixul.o(.text)
    __aeabi_cdrcmple                         0x080007ed   Thumb Code    48  cdrcmple.o(.text)
    __scatterload                            0x0800081d   Thumb Code    38  init.o(.text)
    __scatterload_rt2                        0x0800081d   Thumb Code     0  init.o(.text)
    BusFault_Handler                         0x0800084d   Thumb Code     2  stm32f4xx_it.o(.text.BusFault_Handler)
    DMA2_Stream2_IRQHandler                  0x08000851   Thumb Code    12  stm32f4xx_it.o(.text.DMA2_Stream2_IRQHandler)
    DMA2_Stream7_IRQHandler                  0x0800085d   Thumb Code    12  stm32f4xx_it.o(.text.DMA2_Stream7_IRQHandler)
    DebugMon_Handler                         0x08000869   Thumb Code     2  stm32f4xx_it.o(.text.DebugMon_Handler)
    Delay_us                                 0x0800086d   Thumb Code   102  delay.o(.text.Delay_us)
    Error_Handler                            0x080008d5   Thumb Code     6  main.o(.text.Error_Handler)
    HAL_DMA_Abort                            0x080008dd   Thumb Code   142  stm32f4xx_hal_dma.o(.text.HAL_DMA_Abort)
    HAL_DMA_Abort_IT                         0x0800096d   Thumb Code    36  stm32f4xx_hal_dma.o(.text.HAL_DMA_Abort_IT)
    HAL_DMA_IRQHandler                       0x08000991   Thumb Code   452  stm32f4xx_hal_dma.o(.text.HAL_DMA_IRQHandler)
    HAL_DMA_Init                             0x08000b55   Thumb Code   354  stm32f4xx_hal_dma.o(.text.HAL_DMA_Init)
    HAL_DMA_Start_IT                         0x08000cb9   Thumb Code   162  stm32f4xx_hal_dma.o(.text.HAL_DMA_Start_IT)
    HAL_Delay                                0x08000d5d   Thumb Code    40  stm32f4xx_hal.o(.text.HAL_Delay)
    HAL_GPIO_Init                            0x08000d85   Thumb Code   414  stm32f4xx_hal_gpio.o(.text.HAL_GPIO_Init)
    HAL_GPIO_ReadPin                         0x08000f25   Thumb Code    10  stm32f4xx_hal_gpio.o(.text.HAL_GPIO_ReadPin)
    HAL_GPIO_WritePin                        0x08000f31   Thumb Code    10  stm32f4xx_hal_gpio.o(.text.HAL_GPIO_WritePin)
    HAL_GetTick                              0x08000f3d   Thumb Code    12  stm32f4xx_hal.o(.text.HAL_GetTick)
    HAL_IncTick                              0x08000f49   Thumb Code    26  stm32f4xx_hal.o(.text.HAL_IncTick)
    HAL_Init                                 0x08000f65   Thumb Code    54  stm32f4xx_hal.o(.text.HAL_Init)
    HAL_InitTick                             0x08000f9d   Thumb Code    72  stm32f4xx_hal.o(.text.HAL_InitTick)
    HAL_MspInit                              0x08000fe5   Thumb Code    56  stm32f4xx_hal_msp.o(.text.HAL_MspInit)
    HAL_NVIC_EnableIRQ                       0x0800101d   Thumb Code    34  stm32f4xx_hal_cortex.o(.text.HAL_NVIC_EnableIRQ)
    HAL_NVIC_SetPriority                     0x08001041   Thumb Code    86  stm32f4xx_hal_cortex.o(.text.HAL_NVIC_SetPriority)
    HAL_NVIC_SetPriorityGrouping             0x08001099   Thumb Code    32  stm32f4xx_hal_cortex.o(.text.HAL_NVIC_SetPriorityGrouping)
    HAL_RCC_ClockConfig                      0x080010b9   Thumb Code   356  stm32f4xx_hal_rcc.o(.text.HAL_RCC_ClockConfig)
    HAL_RCC_GetPCLK1Freq                     0x0800121d   Thumb Code    38  stm32f4xx_hal_rcc.o(.text.HAL_RCC_GetPCLK1Freq)
    HAL_RCC_GetPCLK2Freq                     0x08001245   Thumb Code    38  stm32f4xx_hal_rcc.o(.text.HAL_RCC_GetPCLK2Freq)
    HAL_RCC_GetSysClockFreq                  0x0800126d   Thumb Code   108  stm32f4xx_hal_rcc.o(.text.HAL_RCC_GetSysClockFreq)
    HAL_RCC_OscConfig                        0x080012d9   Thumb Code   940  stm32f4xx_hal_rcc.o(.text.HAL_RCC_OscConfig)
    HAL_SPI_Init                             0x08001685   Thumb Code   176  stm32f4xx_hal_spi.o(.text.HAL_SPI_Init)
    HAL_SPI_MspInit                          0x08001735   Thumb Code   194  spi.o(.text.HAL_SPI_MspInit)
    HAL_SYSTICK_Config                       0x080017f9   Thumb Code    44  stm32f4xx_hal_cortex.o(.text.HAL_SYSTICK_Config)
    HAL_TIMEx_BreakCallback                  0x08001825   Thumb Code     2  stm32f4xx_hal_tim_ex.o(.text.HAL_TIMEx_BreakCallback)
    HAL_TIMEx_CommutCallback                 0x08001829   Thumb Code     2  stm32f4xx_hal_tim_ex.o(.text.HAL_TIMEx_CommutCallback)
    HAL_TIMEx_MasterConfigSynchronization    0x0800182d   Thumb Code   186  stm32f4xx_hal_tim_ex.o(.text.HAL_TIMEx_MasterConfigSynchronization)
    HAL_TIM_Base_Init                        0x080018e9   Thumb Code    90  stm32f4xx_hal_tim.o(.text.HAL_TIM_Base_Init)
    HAL_TIM_Base_MspInit                     0x08001945   Thumb Code   200  tim.o(.text.HAL_TIM_Base_MspInit)
    HAL_TIM_Base_Start_IT                    0x08001a0d   Thumb Code   170  stm32f4xx_hal_tim.o(.text.HAL_TIM_Base_Start_IT)
    HAL_TIM_ConfigClockSource                0x08001ab9   Thumb Code   416  stm32f4xx_hal_tim.o(.text.HAL_TIM_ConfigClockSource)
    HAL_TIM_Encoder_Init                     0x08001c59   Thumb Code   178  stm32f4xx_hal_tim.o(.text.HAL_TIM_Encoder_Init)
    HAL_TIM_Encoder_MspInit                  0x08001d0d   Thumb Code   182  tim.o(.text.HAL_TIM_Encoder_MspInit)
    HAL_TIM_Encoder_Start                    0x08001dc5   Thumb Code   188  stm32f4xx_hal_tim.o(.text.HAL_TIM_Encoder_Start)
    HAL_TIM_IC_CaptureCallback               0x08001e81   Thumb Code     2  stm32f4xx_hal_tim.o(.text.HAL_TIM_IC_CaptureCallback)
    HAL_TIM_IRQHandler                       0x08001e85   Thumb Code   334  stm32f4xx_hal_tim.o(.text.HAL_TIM_IRQHandler)
    HAL_TIM_OC_DelayElapsedCallback          0x08001fd5   Thumb Code     2  stm32f4xx_hal_tim.o(.text.HAL_TIM_OC_DelayElapsedCallback)
    HAL_TIM_PWM_ConfigChannel                0x08001fd9   Thumb Code   544  stm32f4xx_hal_tim.o(.text.HAL_TIM_PWM_ConfigChannel)
    HAL_TIM_PWM_Init                         0x080021f9   Thumb Code    90  stm32f4xx_hal_tim.o(.text.HAL_TIM_PWM_Init)
    HAL_TIM_PWM_MspInit                      0x08002255   Thumb Code     2  stm32f4xx_hal_tim.o(.text.HAL_TIM_PWM_MspInit)
    HAL_TIM_PWM_PulseFinishedCallback        0x08002259   Thumb Code     2  stm32f4xx_hal_tim.o(.text.HAL_TIM_PWM_PulseFinishedCallback)
    HAL_TIM_PWM_Start                        0x0800225d   Thumb Code   270  stm32f4xx_hal_tim.o(.text.HAL_TIM_PWM_Start)
    HAL_TIM_PeriodElapsedCallback            0x0800236d   Thumb Code   164  motor.o(.text.HAL_TIM_PeriodElapsedCallback)
    HAL_TIM_TriggerCallback                  0x0800241d   Thumb Code     2  stm32f4xx_hal_tim.o(.text.HAL_TIM_TriggerCallback)
    HAL_UARTEx_RxEventCallback               0x08002421   Thumb Code     2  stm32f4xx_hal_uart.o(.text.HAL_UARTEx_RxEventCallback)
    HAL_UART_ErrorCallback                   0x08002425   Thumb Code     2  stm32f4xx_hal_uart.o(.text.HAL_UART_ErrorCallback)
    HAL_UART_IRQHandler                      0x08002429   Thumb Code  1428  stm32f4xx_hal_uart.o(.text.HAL_UART_IRQHandler)
    HAL_UART_Init                            0x080029bd   Thumb Code    96  stm32f4xx_hal_uart.o(.text.HAL_UART_Init)
    HAL_UART_MspInit                         0x08002a1d   Thumb Code   360  usart.o(.text.HAL_UART_MspInit)
    HAL_UART_Receive_DMA                     0x08002b85   Thumb Code   384  stm32f4xx_hal_uart.o(.text.HAL_UART_Receive_DMA)
    HAL_UART_Receive_IT                      0x08002d05   Thumb Code    84  stm32f4xx_hal_uart.o(.text.HAL_UART_Receive_IT)
    HAL_UART_RxCpltCallback                  0x08002d59   Thumb Code    62  main.o(.text.HAL_UART_RxCpltCallback)
    HAL_UART_RxHalfCpltCallback              0x08002d99   Thumb Code     2  stm32f4xx_hal_uart.o(.text.HAL_UART_RxHalfCpltCallback)
    HAL_UART_Transmit                        0x08002d9d   Thumb Code   402  stm32f4xx_hal_uart.o(.text.HAL_UART_Transmit)
    HAL_UART_TxCpltCallback                  0x08002f31   Thumb Code     2  stm32f4xx_hal_uart.o(.text.HAL_UART_TxCpltCallback)
    HardFault_Handler                        0x08002f35   Thumb Code     2  stm32f4xx_it.o(.text.HardFault_Handler)
    IIC_ReadBytes                            0x08002f39   Thumb Code   332  ganweixunji.o(.text.IIC_ReadBytes)
    IIC_RecvByte                             0x08003085   Thumb Code   486  ganweixunji.o(.text.IIC_RecvByte)
    IIC_SendByte                             0x0800326d   Thumb Code   418  ganweixunji.o(.text.IIC_SendByte)
    JY901S_ZeroCalibration                   0x08003411   Thumb Code   108  jy901.o(.text.JY901S_ZeroCalibration)
    Limit                                    0x0800347d   Thumb Code    88  motor.o(.text.Limit)
    MX_DMA_Init                              0x080034dd   Thumb Code    72  dma.o(.text.MX_DMA_Init)
    MX_GPIO_Init                             0x08003525   Thumb Code   322  gpio.o(.text.MX_GPIO_Init)
    MX_SPI1_Init                             0x08003669   Thumb Code    76  spi.o(.text.MX_SPI1_Init)
    MX_SPI2_Init                             0x080036b5   Thumb Code    80  spi.o(.text.MX_SPI2_Init)
    MX_TIM12_Init                            0x08003705   Thumb Code    90  tim.o(.text.MX_TIM12_Init)
    MX_TIM1_Init                             0x08003761   Thumb Code   106  tim.o(.text.MX_TIM1_Init)
    MX_TIM2_Init                             0x080037cd   Thumb Code    98  tim.o(.text.MX_TIM2_Init)
    MX_TIM3_Init                             0x08003831   Thumb Code   316  tim.o(.text.MX_TIM3_Init)
    MX_TIM4_Init                             0x0800396d   Thumb Code   320  tim.o(.text.MX_TIM4_Init)
    MX_TIM5_Init                             0x08003aad   Thumb Code   118  tim.o(.text.MX_TIM5_Init)
    MX_USART1_UART_Init                      0x08003b25   Thumb Code    60  usart.o(.text.MX_USART1_UART_Init)
    MX_USART2_UART_Init                      0x08003b61   Thumb Code    60  usart.o(.text.MX_USART2_UART_Init)
    MemManage_Handler                        0x08003b9d   Thumb Code     2  stm32f4xx_it.o(.text.MemManage_Handler)
    NMI_Handler                              0x08003ba1   Thumb Code     2  stm32f4xx_it.o(.text.NMI_Handler)
    OLED_Init                                0x08003ba5   Thumb Code  1404  oled.o(.text.OLED_Init)
    OLED_Refresh                             0x08004121   Thumb Code   368  oled.o(.text.OLED_Refresh)
    OLED_ShowChar                            0x08004291   Thumb Code  1486  oled.o(.text.OLED_ShowChar)
    OLED_ShowString                          0x08004861   Thumb Code    84  oled.o(.text.OLED_ShowString)
    OLED_WR_Byte                             0x080048b5   Thumb Code   534  oled.o(.text.OLED_WR_Byte)
    PendSV_Handler                           0x08004acd   Thumb Code     2  stm32f4xx_it.o(.text.PendSV_Handler)
    SVC_Handler                              0x08004ad1   Thumb Code     2  stm32f4xx_it.o(.text.SVC_Handler)
    SysTick_Handler                          0x08004ad5   Thumb Code     4  stm32f4xx_it.o(.text.SysTick_Handler)
    SystemClock_Config                       0x08004ad9   Thumb Code   168  main.o(.text.SystemClock_Config)
    SystemInit                               0x08004b81   Thumb Code    18  system_stm32f4xx.o(.text.SystemInit)
    TIM5_IRQHandler                          0x08004b95   Thumb Code    12  stm32f4xx_it.o(.text.TIM5_IRQHandler)
    TIM8_BRK_TIM12_IRQHandler                0x08004ba1   Thumb Code    12  stm32f4xx_it.o(.text.TIM8_BRK_TIM12_IRQHandler)
    TIM_Base_SetConfig                       0x08004bad   Thumb Code   314  stm32f4xx_hal_tim.o(.text.TIM_Base_SetConfig)
    USART1_IRQHandler                        0x080051d1   Thumb Code    12  stm32f4xx_it.o(.text.USART1_IRQHandler)
    UsageFault_Handler                       0x080051dd   Thumb Code     2  stm32f4xx_it.o(.text.UsageFault_Handler)
    control_speed                            0x080051e1   Thumb Code   744  pid.o(.text.control_speed)
    gw_get_value                             0x080054e9   Thumb Code    36  ganweixunji.o(.text.gw_get_value)
    is_line_lost                             0x0800550d   Thumb Code    12  xunji.o(.text.is_line_lost)
    jy901_ReceiveData                        0x08005519   Thumb Code   688  jy901.o(.text.jy901_ReceiveData)
    key_control                              0x080057d9   Thumb Code    78  key.o(.text.key_control)
    main                                     0x08005829   Thumb Code   372  main.o(.text.main)
    motor_init                               0x080059d5   Thumb Code    86  motor.o(.text.motor_init)
    set_speed                                0x08005a2d   Thumb Code   392  motor.o(.text.set_speed)
    track_line                               0x08005bc5   Thumb Code   504  xunji.o(.text.track_line)
    __0sprintf                               0x08005dc1   Thumb Code    34  printfa.o(i.__0sprintf)
    __1sprintf                               0x08005dc1   Thumb Code     0  printfa.o(i.__0sprintf)
    __2sprintf                               0x08005dc1   Thumb Code     0  printfa.o(i.__0sprintf)
    __c89sprintf                             0x08005dc1   Thumb Code     0  printfa.o(i.__0sprintf)
    sprintf                                  0x08005dc1   Thumb Code     0  printfa.o(i.__0sprintf)
    __scatterload_copy                       0x08005de9   Thumb Code    14  handlers.o(i.__scatterload_copy)
    __scatterload_null                       0x08005df7   Thumb Code     2  handlers.o(i.__scatterload_null)
    __scatterload_zeroinit                   0x08005df9   Thumb Code    14  handlers.o(i.__scatterload_zeroinit)
    AHBPrescTable                            0x080066c4   Data          16  system_stm32f4xx.o(.rodata.AHBPrescTable)
    APBPrescTable                            0x080066d4   Data           8  system_stm32f4xx.o(.rodata.APBPrescTable)
    asc2_0806                                0x080066dc   Data         552  oled.o(.rodata.asc2_0806)
    asc2_1206                                0x08006904   Data        1140  oled.o(.rodata.asc2_1206)
    asc2_1608                                0x08006d78   Data        1520  oled.o(.rodata.asc2_1608)
    asc2_2412                                0x08007368   Data        3420  oled.o(.rodata.asc2_2412)
    Region$$Table$$Base                      0x080080cc   Number         0  anon$$obj.o(Region$$Table)
    Region$$Table$$Limit                     0x080080ec   Number         0  anon$$obj.o(Region$$Table)
    uwTickFreq                               0x20000000   Data           1  stm32f4xx_hal.o(.data..L_MergedGlobals)
    uwTickPrio                               0x20000004   Data           4  stm32f4xx_hal.o(.data..L_MergedGlobals)
    line_lost                                0x20000008   Data           1  xunji.o(.data..L_MergedGlobals)
    last_valid_position                      0x2000000c   Data           4  xunji.o(.data..L_MergedGlobals)
    base_speed                               0x20000024   Data           2  pid.o(.data..L_MergedGlobals)
    Kp_l                                     0x20000028   Data           4  pid.o(.data..L_MergedGlobals)
    Ki_l                                     0x2000002c   Data           4  pid.o(.data..L_MergedGlobals)
    Kp_r                                     0x20000030   Data           4  pid.o(.data..L_MergedGlobals)
    Ki_r                                     0x20000034   Data           4  pid.o(.data..L_MergedGlobals)
    Kp_pos                                   0x20000038   Data           4  pid.o(.data..L_MergedGlobals)
    Kd_pos                                   0x2000003c   Data           4  pid.o(.data..L_MergedGlobals)
    pos_out_max                              0x20000040   Data           4  pid.o(.data..L_MergedGlobals)
    pos_out_min                              0x20000044   Data           4  pid.o(.data..L_MergedGlobals)
    SystemCoreClock                          0x20000048   Data           4  system_stm32f4xx.o(.data.SystemCoreClock)
    Rx_data                                  0x20000050   Data           1  main.o(.bss..L_MergedGlobals)
    lcd_refresh_time                         0x20000054   Data           4  main.o(.bss..L_MergedGlobals)
    send                                     0x20000058   Data          30  main.o(.bss..L_MergedGlobals)
    count22                                  0x20000078   Data           2  motor.o(.bss..L_MergedGlobals)
    count1                                   0x2000007c   Data           4  motor.o(.bss..L_MergedGlobals)
    last_count1                              0x20000084   Data           4  motor.o(.bss..L_MergedGlobals)
    last_count2                              0x20000088   Data           4  motor.o(.bss..L_MergedGlobals)
    speed_left                               0x2000008c   Data           4  motor.o(.bss..L_MergedGlobals)
    speed_right                              0x20000090   Data           4  motor.o(.bss..L_MergedGlobals)
    speed_1                                  0x20000094   Data           4  motor.o(.bss..L_MergedGlobals)
    speed_2                                  0x20000098   Data           4  motor.o(.bss..L_MergedGlobals)
    Roll                                     0x200000a0   Data           4  jy901.o(.bss..L_MergedGlobals)
    Pitch                                    0x200000a4   Data           4  jy901.o(.bss..L_MergedGlobals)
    Yaw                                      0x200000a8   Data           4  jy901.o(.bss..L_MergedGlobals)
    AccX                                     0x200000ac   Data           4  jy901.o(.bss..L_MergedGlobals)
    AccY                                     0x200000b0   Data           4  jy901.o(.bss..L_MergedGlobals)
    AccZ                                     0x200000b4   Data           4  jy901.o(.bss..L_MergedGlobals)
    GyrX                                     0x200000b8   Data           4  jy901.o(.bss..L_MergedGlobals)
    GyrY                                     0x200000bc   Data           4  jy901.o(.bss..L_MergedGlobals)
    GyrZ                                     0x200000c0   Data           4  jy901.o(.bss..L_MergedGlobals)
    black_count                              0x200000d0   Data           1  xunji.o(.bss..L_MergedGlobals.1)
    weighted_value                           0x200000d4   Data           4  xunji.o(.bss..L_MergedGlobals.1)
    sensor                                   0x200000d8   Data           8  xunji.o(.bss..L_MergedGlobals.1)
    star_car                                 0x200000e0   Data           1  pid.o(.bss..L_MergedGlobals.1)
    Kd_l                                     0x200000e4   Data           4  pid.o(.bss..L_MergedGlobals.1)
    Kd_r                                     0x200000e8   Data           4  pid.o(.bss..L_MergedGlobals.1)
    Ki_pos                                   0x200000ec   Data           4  pid.o(.bss..L_MergedGlobals.1)
    gyro_kd                                  0x200000f0   Data           4  pid.o(.bss..L_MergedGlobals.1)
    target_position                          0x200000f4   Data           4  pid.o(.bss..L_MergedGlobals.1)
    pos_error                                0x200000f8   Data           4  pid.o(.bss..L_MergedGlobals.1)
    pos_last_error                           0x200000fc   Data           4  pid.o(.bss..L_MergedGlobals.1)
    pos_sum_error                            0x20000100   Data           4  pid.o(.bss..L_MergedGlobals.1)
    pos_output                               0x20000104   Data           4  pid.o(.bss..L_MergedGlobals.1)
    error_l                                  0x20000108   Data           4  pid.o(.bss..L_MergedGlobals.1)
    error_r                                  0x2000010c   Data           4  pid.o(.bss..L_MergedGlobals.1)
    last_error_l                             0x20000110   Data           4  pid.o(.bss..L_MergedGlobals.1)
    last_error_r                             0x20000114   Data           4  pid.o(.bss..L_MergedGlobals.1)
    last_last_error_l                        0x20000118   Data           4  pid.o(.bss..L_MergedGlobals.1)
    last_last_error_r                        0x2000011c   Data           4  pid.o(.bss..L_MergedGlobals.1)
    MOTOl                                    0x20000120   Data           4  pid.o(.bss..L_MergedGlobals.1)
    MOTOr                                    0x20000124   Data           4  pid.o(.bss..L_MergedGlobals.1)
    statr_speed                              0x20000128   Data           4  pid.o(.bss..L_MergedGlobals.1)
    Digtal                                   0x20000130   Data           1  ganweixunji.o(.bss.Digtal)
    OLED_GRAM                                0x20000131   Data        1152  oled.o(.bss.OLED_GRAM)
    g_uart2_receivedata                      0x200005b1   Data           1  jy901.o(.bss.g_uart2_receivedata)
    hdma_usart1_rx                           0x200005b4   Data          96  usart.o(.bss.hdma_usart1_rx)
    hdma_usart1_tx                           0x20000614   Data          96  usart.o(.bss.hdma_usart1_tx)
    hspi1                                    0x20000674   Data          88  spi.o(.bss.hspi1)
    hspi2                                    0x200006cc   Data          88  spi.o(.bss.hspi2)
    htim1                                    0x20000724   Data          72  tim.o(.bss.htim1)
    htim12                                   0x2000076c   Data          72  tim.o(.bss.htim12)
    htim2                                    0x200007b4   Data          72  tim.o(.bss.htim2)
    htim3                                    0x200007fc   Data          72  tim.o(.bss.htim3)
    htim4                                    0x20000844   Data          72  tim.o(.bss.htim4)
    htim5                                    0x2000088c   Data          72  tim.o(.bss.htim5)
    huart1                                   0x200008d4   Data          72  usart.o(.bss.huart1)
    huart2                                   0x2000091c   Data          72  usart.o(.bss.huart2)
    key_occur                                0x20000964   Data           1  key.o(.bss.key_occur)
    r_speed_left                             0x20000968   Data           4  motor.o(.bss.r_speed_left)
    r_speed_right                            0x2000096c   Data           4  motor.o(.bss.r_speed_right)
    uwTick                                   0x20000970   Data           4  stm32f4xx_hal.o(.bss.uwTick)
    __initial_sp                             0x20001978   Data           0  startup_stm32f407xx.o(STACK)



==============================================================================

Memory Map of the image

  Image Entry point : 0x08000189

  Load Region LR_IROM1 (Base: 0x08000000, Size: 0x00008140, Max: 0x00100000, ABSOLUTE)

    Execution Region ER_IROM1 (Exec base: 0x08000000, Load base: 0x08000000, Size: 0x000080ec, Max: 0x00100000, ABSOLUTE)

    Exec Addr    Load Addr    Size         Type   Attr      Idx    E Section Name        Object

    0x08000000   0x08000000   0x00000188   Data   RO            3    RESET               startup_stm32f407xx.o
    0x08000188   0x08000188   0x00000000   Code   RO         1347  * .ARM.Collect$$$$00000000  mc_w.l(entry.o)
    0x08000188   0x08000188   0x00000004   Code   RO         1629    .ARM.Collect$$$$00000001  mc_w.l(entry2.o)
    0x0800018c   0x0800018c   0x00000004   Code   RO         1632    .ARM.Collect$$$$00000004  mc_w.l(entry5.o)
    0x08000190   0x08000190   0x00000000   Code   RO         1634    .ARM.Collect$$$$00000008  mc_w.l(entry7b.o)
    0x08000190   0x08000190   0x00000000   Code   RO         1636    .ARM.Collect$$$$0000000A  mc_w.l(entry8b.o)
    0x08000190   0x08000190   0x00000008   Code   RO         1637    .ARM.Collect$$$$0000000B  mc_w.l(entry9a.o)
    0x08000198   0x08000198   0x00000000   Code   RO         1639    .ARM.Collect$$$$0000000D  mc_w.l(entry10a.o)
    0x08000198   0x08000198   0x00000000   Code   RO         1641    .ARM.Collect$$$$0000000F  mc_w.l(entry11a.o)
    0x08000198   0x08000198   0x00000004   Code   RO         1630    .ARM.Collect$$$$00002712  mc_w.l(entry2.o)
    0x0800019c   0x0800019c   0x00000024   Code   RO            4    .text               startup_stm32f407xx.o
    0x080001c0   0x080001c0   0x00000062   Code   RO         1350    .text               mc_w.l(uldiv.o)
    0x08000222   0x08000222   0x00000024   Code   RO         1352    .text               mc_w.l(memseta.o)
    0x08000246   0x08000246   0x0000014e   Code   RO         1615    .text               mf_w.l(dadd.o)
    0x08000394   0x08000394   0x000000e4   Code   RO         1617    .text               mf_w.l(dmul.o)
    0x08000478   0x08000478   0x000000de   Code   RO         1619    .text               mf_w.l(ddiv.o)
    0x08000556   0x08000556   0x00000036   Code   RO         1621    .text               mf_w.l(dcmplt.o)
    0x0800058c   0x0800058c   0x0000001a   Code   RO         1623    .text               mf_w.l(dfltui.o)
    0x080005a6   0x080005a6   0x00000026   Code   RO         1625    .text               mf_w.l(f2d.o)
    0x080005cc   0x080005cc   0x00000038   Code   RO         1627    .text               mf_w.l(d2f.o)
    0x08000604   0x08000604   0x0000002c   Code   RO         1657    .text               mc_w.l(uidiv.o)
    0x08000630   0x08000630   0x0000001e   Code   RO         1659    .text               mc_w.l(llshl.o)
    0x0800064e   0x0800064e   0x00000020   Code   RO         1661    .text               mc_w.l(llushr.o)
    0x0800066e   0x0800066e   0x00000024   Code   RO         1663    .text               mc_w.l(llsshr.o)
    0x08000692   0x08000692   0x00000000   Code   RO         1665    .text               mc_w.l(iusefp.o)
    0x08000692   0x08000692   0x0000006e   Code   RO         1666    .text               mf_w.l(fepilogue.o)
    0x08000700   0x08000700   0x000000ba   Code   RO         1668    .text               mf_w.l(depilogue.o)
    0x080007ba   0x080007ba   0x00000030   Code   RO         1670    .text               mf_w.l(dfixul.o)
    0x080007ea   0x080007ea   0x00000002   PAD
    0x080007ec   0x080007ec   0x00000030   Code   RO         1672    .text               mf_w.l(cdrcmple.o)
    0x0800081c   0x0800081c   0x00000030   Code   RO         1674    .text               mc_w.l(init.o)
    0x0800084c   0x0800084c   0x00000002   Code   RO          145    .text.BusFault_Handler  stm32f4xx_it.o
    0x0800084e   0x0800084e   0x00000002   PAD
    0x08000850   0x08000850   0x0000000c   Code   RO          163    .text.DMA2_Stream2_IRQHandler  stm32f4xx_it.o
    0x0800085c   0x0800085c   0x0000000c   Code   RO          165    .text.DMA2_Stream7_IRQHandler  stm32f4xx_it.o
    0x08000868   0x08000868   0x00000002   Code   RO          151    .text.DebugMon_Handler  stm32f4xx_it.o
    0x0800086a   0x0800086a   0x00000002   PAD
    0x0800086c   0x0800086c   0x00000066   Code   RO         1270    .text.Delay_us      delay.o
    0x080008d2   0x080008d2   0x00000002   PAD
    0x080008d4   0x080008d4   0x00000006   Code   RO           15    .text.Error_Handler  main.o
    0x080008da   0x080008da   0x00000002   PAD
    0x080008dc   0x080008dc   0x0000008e   Code   RO          452    .text.HAL_DMA_Abort  stm32f4xx_hal_dma.o
    0x0800096a   0x0800096a   0x00000002   PAD
    0x0800096c   0x0800096c   0x00000024   Code   RO          454    .text.HAL_DMA_Abort_IT  stm32f4xx_hal_dma.o
    0x08000990   0x08000990   0x000001c4   Code   RO          458    .text.HAL_DMA_IRQHandler  stm32f4xx_hal_dma.o
    0x08000b54   0x08000b54   0x00000162   Code   RO          444    .text.HAL_DMA_Init  stm32f4xx_hal_dma.o
    0x08000cb6   0x08000cb6   0x00000002   PAD
    0x08000cb8   0x08000cb8   0x000000a2   Code   RO          450    .text.HAL_DMA_Start_IT  stm32f4xx_hal_dma.o
    0x08000d5a   0x08000d5a   0x00000002   PAD
    0x08000d5c   0x08000d5c   0x00000028   Code   RO          611    .text.HAL_Delay     stm32f4xx_hal.o
    0x08000d84   0x08000d84   0x0000019e   Code   RO          406    .text.HAL_GPIO_Init  stm32f4xx_hal_gpio.o
    0x08000f22   0x08000f22   0x00000002   PAD
    0x08000f24   0x08000f24   0x0000000a   Code   RO          410    .text.HAL_GPIO_ReadPin  stm32f4xx_hal_gpio.o
    0x08000f2e   0x08000f2e   0x00000002   PAD
    0x08000f30   0x08000f30   0x0000000a   Code   RO          412    .text.HAL_GPIO_WritePin  stm32f4xx_hal_gpio.o
    0x08000f3a   0x08000f3a   0x00000002   PAD
    0x08000f3c   0x08000f3c   0x0000000c   Code   RO          603    .text.HAL_GetTick   stm32f4xx_hal.o
    0x08000f48   0x08000f48   0x0000001a   Code   RO          601    .text.HAL_IncTick   stm32f4xx_hal.o
    0x08000f62   0x08000f62   0x00000002   PAD
    0x08000f64   0x08000f64   0x00000036   Code   RO          591    .text.HAL_Init      stm32f4xx_hal.o
    0x08000f9a   0x08000f9a   0x00000002   PAD
    0x08000f9c   0x08000f9c   0x00000048   Code   RO          593    .text.HAL_InitTick  stm32f4xx_hal.o
    0x08000fe4   0x08000fe4   0x00000038   Code   RO          174    .text.HAL_MspInit   stm32f4xx_hal_msp.o
    0x0800101c   0x0800101c   0x00000022   Code   RO          543    .text.HAL_NVIC_EnableIRQ  stm32f4xx_hal_cortex.o
    0x0800103e   0x0800103e   0x00000002   PAD
    0x08001040   0x08001040   0x00000056   Code   RO          541    .text.HAL_NVIC_SetPriority  stm32f4xx_hal_cortex.o
    0x08001096   0x08001096   0x00000002   PAD
    0x08001098   0x08001098   0x00000020   Code   RO          539    .text.HAL_NVIC_SetPriorityGrouping  stm32f4xx_hal_cortex.o
    0x080010b8   0x080010b8   0x00000164   Code   RO          300    .text.HAL_RCC_ClockConfig  stm32f4xx_hal_rcc.o
    0x0800121c   0x0800121c   0x00000026   Code   RO          312    .text.HAL_RCC_GetPCLK1Freq  stm32f4xx_hal_rcc.o
    0x08001242   0x08001242   0x00000002   PAD
    0x08001244   0x08001244   0x00000026   Code   RO          314    .text.HAL_RCC_GetPCLK2Freq  stm32f4xx_hal_rcc.o
    0x0800126a   0x0800126a   0x00000002   PAD
    0x0800126c   0x0800126c   0x0000006c   Code   RO          302    .text.HAL_RCC_GetSysClockFreq  stm32f4xx_hal_rcc.o
    0x080012d8   0x080012d8   0x000003ac   Code   RO          298    .text.HAL_RCC_OscConfig  stm32f4xx_hal_rcc.o
    0x08001684   0x08001684   0x000000b0   Code   RO          182    .text.HAL_SPI_Init  stm32f4xx_hal_spi.o
    0x08001734   0x08001734   0x000000c2   Code   RO           63    .text.HAL_SPI_MspInit  spi.o
    0x080017f6   0x080017f6   0x00000002   PAD
    0x080017f8   0x080017f8   0x0000002c   Code   RO          551    .text.HAL_SYSTICK_Config  stm32f4xx_hal_cortex.o
    0x08001824   0x08001824   0x00000002   Code   RO          986    .text.HAL_TIMEx_BreakCallback  stm32f4xx_hal_tim_ex.o
    0x08001826   0x08001826   0x00000002   PAD
    0x08001828   0x08001828   0x00000002   Code   RO          982    .text.HAL_TIMEx_CommutCallback  stm32f4xx_hal_tim_ex.o
    0x0800182a   0x0800182a   0x00000002   PAD
    0x0800182c   0x0800182c   0x000000ba   Code   RO          976    .text.HAL_TIMEx_MasterConfigSynchronization  stm32f4xx_hal_tim_ex.o
    0x080018e6   0x080018e6   0x00000002   PAD
    0x080018e8   0x080018e8   0x0000005a   Code   RO          681    .text.HAL_TIM_Base_Init  stm32f4xx_hal_tim.o
    0x08001942   0x08001942   0x00000002   PAD
    0x08001944   0x08001944   0x000000c8   Code   RO           93    .text.HAL_TIM_Base_MspInit  tim.o
    0x08001a0c   0x08001a0c   0x000000aa   Code   RO          695    .text.HAL_TIM_Base_Start_IT  stm32f4xx_hal_tim.o
    0x08001ab6   0x08001ab6   0x00000002   PAD
    0x08001ab8   0x08001ab8   0x000001a0   Code   RO          861    .text.HAL_TIM_ConfigClockSource  stm32f4xx_hal_tim.o
    0x08001c58   0x08001c58   0x000000b2   Code   RO          795    .text.HAL_TIM_Encoder_Init  stm32f4xx_hal_tim.o
    0x08001d0a   0x08001d0a   0x00000002   PAD
    0x08001d0c   0x08001d0c   0x000000b6   Code   RO           91    .text.HAL_TIM_Encoder_MspInit  tim.o
    0x08001dc2   0x08001dc2   0x00000002   PAD
    0x08001dc4   0x08001dc4   0x000000bc   Code   RO          803    .text.HAL_TIM_Encoder_Start  stm32f4xx_hal_tim.o
    0x08001e80   0x08001e80   0x00000002   Code   RO          817    .text.HAL_TIM_IC_CaptureCallback  stm32f4xx_hal_tim.o
    0x08001e82   0x08001e82   0x00000002   PAD
    0x08001e84   0x08001e84   0x0000014e   Code   RO          815    .text.HAL_TIM_IRQHandler  stm32f4xx_hal_tim.o
    0x08001fd2   0x08001fd2   0x00000002   PAD
    0x08001fd4   0x08001fd4   0x00000002   Code   RO          819    .text.HAL_TIM_OC_DelayElapsedCallback  stm32f4xx_hal_tim.o
    0x08001fd6   0x08001fd6   0x00000002   PAD
    0x08001fd8   0x08001fd8   0x00000220   Code   RO          835    .text.HAL_TIM_PWM_ConfigChannel  stm32f4xx_hal_tim.o
    0x080021f8   0x080021f8   0x0000005a   Code   RO          735    .text.HAL_TIM_PWM_Init  stm32f4xx_hal_tim.o
    0x08002252   0x08002252   0x00000002   PAD
    0x08002254   0x08002254   0x00000002   Code   RO          737    .text.HAL_TIM_PWM_MspInit  stm32f4xx_hal_tim.o
    0x08002256   0x08002256   0x00000002   PAD
    0x08002258   0x08002258   0x00000002   Code   RO          821    .text.HAL_TIM_PWM_PulseFinishedCallback  stm32f4xx_hal_tim.o
    0x0800225a   0x0800225a   0x00000002   PAD
    0x0800225c   0x0800225c   0x0000010e   Code   RO          743    .text.HAL_TIM_PWM_Start  stm32f4xx_hal_tim.o
    0x0800236a   0x0800236a   0x00000002   PAD
    0x0800236c   0x0800236c   0x000000b0   Code   RO         1141    .text.HAL_TIM_PeriodElapsedCallback  motor.o
    0x0800241c   0x0800241c   0x00000002   Code   RO          825    .text.HAL_TIM_TriggerCallback  stm32f4xx_hal_tim.o
    0x0800241e   0x0800241e   0x00000002   PAD
    0x08002420   0x08002420   0x00000002   Code   RO         1086    .text.HAL_UARTEx_RxEventCallback  stm32f4xx_hal_uart.o
    0x08002422   0x08002422   0x00000002   PAD
    0x08002424   0x08002424   0x00000002   Code   RO         1084    .text.HAL_UART_ErrorCallback  stm32f4xx_hal_uart.o
    0x08002426   0x08002426   0x00000002   PAD
    0x08002428   0x08002428   0x00000594   Code   RO         1078    .text.HAL_UART_IRQHandler  stm32f4xx_hal_uart.o
    0x080029bc   0x080029bc   0x00000060   Code   RO         1000    .text.HAL_UART_Init  stm32f4xx_hal_uart.o
    0x08002a1c   0x08002a1c   0x00000168   Code   RO          117    .text.HAL_UART_MspInit  usart.o
    0x08002b84   0x08002b84   0x00000180   Code   RO         1034    .text.HAL_UART_Receive_DMA  stm32f4xx_hal_uart.o
    0x08002d04   0x08002d04   0x00000054   Code   RO         1022    .text.HAL_UART_Receive_IT  stm32f4xx_hal_uart.o
    0x08002d58   0x08002d58   0x0000003e   Code   RO           17    .text.HAL_UART_RxCpltCallback  main.o
    0x08002d96   0x08002d96   0x00000002   PAD
    0x08002d98   0x08002d98   0x00000002   Code   RO         1094    .text.HAL_UART_RxHalfCpltCallback  stm32f4xx_hal_uart.o
    0x08002d9a   0x08002d9a   0x00000002   PAD
    0x08002d9c   0x08002d9c   0x00000192   Code   RO         1016    .text.HAL_UART_Transmit  stm32f4xx_hal_uart.o
    0x08002f2e   0x08002f2e   0x00000002   PAD
    0x08002f30   0x08002f30   0x00000002   Code   RO         1088    .text.HAL_UART_TxCpltCallback  stm32f4xx_hal_uart.o
    0x08002f32   0x08002f32   0x00000002   PAD
    0x08002f34   0x08002f34   0x00000002   Code   RO          141    .text.HardFault_Handler  stm32f4xx_it.o
    0x08002f36   0x08002f36   0x00000002   PAD
    0x08002f38   0x08002f38   0x0000014c   Code   RO         1180    .text.IIC_ReadBytes  ganweixunji.o
    0x08003084   0x08003084   0x000001e6   Code   RO         1176    .text.IIC_RecvByte  ganweixunji.o
    0x0800326a   0x0800326a   0x00000002   PAD
    0x0800326c   0x0800326c   0x000001a2   Code   RO         1174    .text.IIC_SendByte  ganweixunji.o
    0x0800340e   0x0800340e   0x00000002   PAD
    0x08003410   0x08003410   0x0000006c   Code   RO         1256    .text.JY901S_ZeroCalibration  jy901.o
    0x0800347c   0x0800347c   0x00000060   Code   RO         1137    .text.Limit         motor.o
    0x080034dc   0x080034dc   0x00000048   Code   RO           50    .text.MX_DMA_Init   dma.o
    0x08003524   0x08003524   0x00000142   Code   RO           41    .text.MX_GPIO_Init  gpio.o
    0x08003666   0x08003666   0x00000002   PAD
    0x08003668   0x08003668   0x0000004c   Code   RO           59    .text.MX_SPI1_Init  spi.o
    0x080036b4   0x080036b4   0x00000050   Code   RO           61    .text.MX_SPI2_Init  spi.o
    0x08003704   0x08003704   0x0000005a   Code   RO           89    .text.MX_TIM12_Init  tim.o
    0x0800375e   0x0800375e   0x00000002   PAD
    0x08003760   0x08003760   0x0000006a   Code   RO           77    .text.MX_TIM1_Init  tim.o
    0x080037ca   0x080037ca   0x00000002   PAD
    0x080037cc   0x080037cc   0x00000062   Code   RO           79    .text.MX_TIM2_Init  tim.o
    0x0800382e   0x0800382e   0x00000002   PAD
    0x08003830   0x08003830   0x0000013c   Code   RO           81    .text.MX_TIM3_Init  tim.o
    0x0800396c   0x0800396c   0x00000140   Code   RO           85    .text.MX_TIM4_Init  tim.o
    0x08003aac   0x08003aac   0x00000076   Code   RO           87    .text.MX_TIM5_Init  tim.o
    0x08003b22   0x08003b22   0x00000002   PAD
    0x08003b24   0x08003b24   0x0000003c   Code   RO          113    .text.MX_USART1_UART_Init  usart.o
    0x08003b60   0x08003b60   0x0000003c   Code   RO          115    .text.MX_USART2_UART_Init  usart.o
    0x08003b9c   0x08003b9c   0x00000002   Code   RO          143    .text.MemManage_Handler  stm32f4xx_it.o
    0x08003b9e   0x08003b9e   0x00000002   PAD
    0x08003ba0   0x08003ba0   0x00000002   Code   RO          139    .text.NMI_Handler   stm32f4xx_it.o
    0x08003ba2   0x08003ba2   0x00000002   PAD
    0x08003ba4   0x08003ba4   0x0000057c   Code   RO         1329    .text.OLED_Init     oled.o
    0x08004120   0x08004120   0x00000170   Code   RO         1305    .text.OLED_Refresh  oled.o
    0x08004290   0x08004290   0x000005ce   Code   RO         1315    .text.OLED_ShowChar  oled.o
    0x0800485e   0x0800485e   0x00000002   PAD
    0x08004860   0x08004860   0x00000054   Code   RO         1317    .text.OLED_ShowString  oled.o
    0x080048b4   0x080048b4   0x00000216   Code   RO         1297    .text.OLED_WR_Byte  oled.o
    0x08004aca   0x08004aca   0x00000002   PAD
    0x08004acc   0x08004acc   0x00000002   Code   RO          153    .text.PendSV_Handler  stm32f4xx_it.o
    0x08004ace   0x08004ace   0x00000002   PAD
    0x08004ad0   0x08004ad0   0x00000002   Code   RO          149    .text.SVC_Handler   stm32f4xx_it.o
    0x08004ad2   0x08004ad2   0x00000002   PAD
    0x08004ad4   0x08004ad4   0x00000004   Code   RO          155    .text.SysTick_Handler  stm32f4xx_it.o
    0x08004ad8   0x08004ad8   0x000000a8   Code   RO           13    .text.SystemClock_Config  main.o
    0x08004b80   0x08004b80   0x00000012   Code   RO         1122    .text.SystemInit    system_stm32f4xx.o
    0x08004b92   0x08004b92   0x00000002   PAD
    0x08004b94   0x08004b94   0x0000000c   Code   RO          161    .text.TIM5_IRQHandler  stm32f4xx_it.o
    0x08004ba0   0x08004ba0   0x0000000c   Code   RO          159    .text.TIM8_BRK_TIM12_IRQHandler  stm32f4xx_it.o
    0x08004bac   0x08004bac   0x0000013a   Code   RO          685    .text.TIM_Base_SetConfig  stm32f4xx_hal_tim.o
    0x08004ce6   0x08004ce6   0x00000002   PAD
    0x08004ce8   0x08004ce8   0x0000000a   Code   RO         1082    .text.UART_DMAAbortOnError  stm32f4xx_hal_uart.o
    0x08004cf2   0x08004cf2   0x00000002   PAD
    0x08004cf4   0x08004cf4   0x0000017c   Code   RO         1032    .text.UART_DMAError  stm32f4xx_hal_uart.o
    0x08004e70   0x08004e70   0x0000015e   Code   RO         1110    .text.UART_DMAReceiveCplt  stm32f4xx_hal_uart.o
    0x08004fce   0x08004fce   0x00000002   PAD
    0x08004fd0   0x08004fd0   0x00000018   Code   RO         1112    .text.UART_DMARxHalfCplt  stm32f4xx_hal_uart.o
    0x08004fe8   0x08004fe8   0x000000fe   Code   RO         1080    .text.UART_Receive_IT  stm32f4xx_hal_uart.o
    0x080050e6   0x080050e6   0x00000002   PAD
    0x080050e8   0x080050e8   0x000000e6   Code   RO         1004    .text.UART_SetConfig  stm32f4xx_hal_uart.o
    0x080051ce   0x080051ce   0x00000002   PAD
    0x080051d0   0x080051d0   0x0000000c   Code   RO          157    .text.USART1_IRQHandler  stm32f4xx_it.o
    0x080051dc   0x080051dc   0x00000002   Code   RO          147    .text.UsageFault_Handler  stm32f4xx_it.o
    0x080051de   0x080051de   0x00000002   PAD
    0x080051e0   0x080051e0   0x00000308   Code   RO         1239    .text.control_speed  pid.o
    0x080054e8   0x080054e8   0x00000024   Code   RO         1198    .text.gw_get_value  ganweixunji.o
    0x0800550c   0x0800550c   0x0000000c   Code   RO         1213    .text.is_line_lost  xunji.o
    0x08005518   0x08005518   0x000002c0   Code   RO         1254    .text.jy901_ReceiveData  jy901.o
    0x080057d8   0x080057d8   0x0000004e   Code   RO         1284    .text.key_control   key.o
    0x08005826   0x08005826   0x00000002   PAD
    0x08005828   0x08005828   0x000001ac   Code   RO           11    .text.main          main.o
    0x080059d4   0x080059d4   0x00000056   Code   RO         1139    .text.motor_init    motor.o
    0x08005a2a   0x08005a2a   0x00000002   PAD
    0x08005a2c   0x08005a2c   0x00000198   Code   RO         1147    .text.set_speed     motor.o
    0x08005bc4   0x08005bc4   0x000001fc   Code   RO         1211    .text.track_line    xunji.o
    0x08005dc0   0x08005dc0   0x00000028   Code   RO         1589    i.__0sprintf        mc_w.l(printfa.o)
    0x08005de8   0x08005de8   0x0000000e   Code   RO         1680    i.__scatterload_copy  mc_w.l(handlers.o)
    0x08005df6   0x08005df6   0x00000002   Code   RO         1681    i.__scatterload_null  mc_w.l(handlers.o)
    0x08005df8   0x08005df8   0x0000000e   Code   RO         1682    i.__scatterload_zeroinit  mc_w.l(handlers.o)
    0x08005e06   0x08005e06   0x00000002   PAD
    0x08005e08   0x08005e08   0x00000184   Code   RO         1594    i._fp_digits        mc_w.l(printfa.o)
    0x08005f8c   0x08005f8c   0x000006dc   Code   RO         1595    i._printf_core      mc_w.l(printfa.o)
    0x08006668   0x08006668   0x00000024   Code   RO         1596    i._printf_post_padding  mc_w.l(printfa.o)
    0x0800668c   0x0800668c   0x0000002e   Code   RO         1597    i._printf_pre_padding  mc_w.l(printfa.o)
    0x080066ba   0x080066ba   0x0000000a   Code   RO         1599    i._sputc            mc_w.l(printfa.o)
    0x080066c4   0x080066c4   0x00000010   Data   RO         1127    .rodata.AHBPrescTable  system_stm32f4xx.o
    0x080066d4   0x080066d4   0x00000008   Data   RO         1128    .rodata.APBPrescTable  system_stm32f4xx.o
    0x080066dc   0x080066dc   0x00000228   Data   RO         1331    .rodata.asc2_0806   oled.o
    0x08006904   0x08006904   0x00000474   Data   RO         1332    .rodata.asc2_1206   oled.o
    0x08006d78   0x08006d78   0x000005f0   Data   RO         1333    .rodata.asc2_1608   oled.o
    0x08007368   0x08007368   0x00000d5c   Data   RO         1334    .rodata.asc2_2412   oled.o
    0x080080c4   0x080080c4   0x00000008   Data   RO          468    .rodata.cst8        stm32f4xx_hal_dma.o
    0x080080cc   0x080080cc   0x00000020   Data   RO         1679    Region$$Table       anon$$obj.o


    Execution Region RW_IRAM1 (Exec base: 0x20000000, Load base: 0x080080f0, Size: 0x00001978, Max: 0x0001c000, ABSOLUTE)

    Exec Addr    Load Addr    Size         Type   Attr      Idx    E Section Name        Object

    0x20000000   0x080080f0   0x00000008   Data   RW          646    .data..L_MergedGlobals  stm32f4xx_hal.o
    0x20000008   0x080080f8   0x0000001c   Data   RW         1215    .data..L_MergedGlobals  xunji.o
    0x20000024   0x08008114   0x00000024   Data   RW         1244    .data..L_MergedGlobals  pid.o
    0x20000048   0x08008138   0x00000004   Data   RW         1126    .data.SystemCoreClock  system_stm32f4xx.o
    0x2000004c   0x0800813c   0x00000004   PAD
    0x20000050        -       0x00000026   Zero   RW           32    .bss..L_MergedGlobals  main.o
    0x20000076   0x0800813c   0x00000002   PAD
    0x20000078        -       0x00000024   Zero   RW         1155    .bss..L_MergedGlobals  motor.o
    0x2000009c        -       0x00000033   Zero   RW         1261    .bss..L_MergedGlobals  jy901.o
    0x200000cf   0x0800813c   0x00000001   PAD
    0x200000d0        -       0x00000010   Zero   RW         1216    .bss..L_MergedGlobals.1  xunji.o
    0x200000e0        -       0x00000050   Zero   RW         1245    .bss..L_MergedGlobals.1  pid.o
    0x20000130        -       0x00000001   Zero   RW         1200    .bss.Digtal         ganweixunji.o
    0x20000131        -       0x00000480   Zero   RW         1339    .bss.OLED_GRAM      oled.o
    0x200005b1        -       0x00000001   Zero   RW         1258    .bss.g_uart2_receivedata  jy901.o
    0x200005b2   0x0800813c   0x00000002   PAD
    0x200005b4        -       0x00000060   Zero   RW          129    .bss.hdma_usart1_rx  usart.o
    0x20000614        -       0x00000060   Zero   RW          130    .bss.hdma_usart1_tx  usart.o
    0x20000674        -       0x00000058   Zero   RW           67    .bss.hspi1          spi.o
    0x200006cc        -       0x00000058   Zero   RW           68    .bss.hspi2          spi.o
    0x20000724        -       0x00000048   Zero   RW           99    .bss.htim1          tim.o
    0x2000076c        -       0x00000048   Zero   RW          104    .bss.htim12         tim.o
    0x200007b4        -       0x00000048   Zero   RW          100    .bss.htim2          tim.o
    0x200007fc        -       0x00000048   Zero   RW          101    .bss.htim3          tim.o
    0x20000844        -       0x00000048   Zero   RW          102    .bss.htim4          tim.o
    0x2000088c        -       0x00000048   Zero   RW          103    .bss.htim5          tim.o
    0x200008d4        -       0x00000048   Zero   RW          127    .bss.huart1         usart.o
    0x2000091c        -       0x00000048   Zero   RW          128    .bss.huart2         usart.o
    0x20000964        -       0x00000001   Zero   RW         1286    .bss.key_occur      key.o
    0x20000965   0x0800813c   0x00000003   PAD
    0x20000968        -       0x00000004   Zero   RW         1152    .bss.r_speed_left   motor.o
    0x2000096c        -       0x00000004   Zero   RW         1153    .bss.r_speed_right  motor.o
    0x20000970        -       0x00000004   Zero   RW          645    .bss.uwTick         stm32f4xx_hal.o
    0x20000974   0x0800813c   0x00000004   PAD
    0x20000978        -       0x00001000   Zero   RW            1    STACK               startup_stm32f407xx.o


    Execution Region RW_IRAM2 (Exec base: 0x2001c000, Load base: 0x08008140, Size: 0x00000000, Max: 0x00004000, ABSOLUTE)

    **** No section assigned to this execution region ****


==============================================================================

Image component sizes


      Code (inc. data)   RO Data    RW Data    ZI Data      Debug   Object Name

       102          0          0          0          0       1700   delay.o
        72          0          0          0          0       3469   dma.o
      1272          0          0          0          1       7725   ganweixunji.o
       322          0          0          0          0       2319   gpio.o
       812         16          0          0         52       3329   jy901.o
        78          0          0          0          1       1594   key.o
       664         56          0          0         38       6651   main.o
       766         36          0          0         44       6606   motor.o
      3876          0       6632          0       1152      37180   oled.o
       776         32          0         36         80       3591   pid.o
       350          0          0          0        176       5577   spi.o
        36          8        392          0       4096        840   startup_stm32f407xx.o
       204          0          0          8          4       7302   stm32f4xx_hal.o
       196          0          0          0          0      10719   stm32f4xx_hal_cortex.o
      1146          6          8          0          0      10531   stm32f4xx_hal_dma.o
       434          0          0          0          0       5349   stm32f4xx_hal_gpio.o
        56          0          0          0          0       1457   stm32f4xx_hal_msp.o
      1480          0          0          0          0       7473   stm32f4xx_hal_rcc.o
       176          0          0          0          0      26633   stm32f4xx_hal_spi.o
      2604          6          0          0          0      57427   stm32f4xx_hal_tim.o
       190          0          0          0          0      21484   stm32f4xx_hal_tim_ex.o
      3650          0          0          0          0      32242   stm32f4xx_hal_uart.o
        80          0          0          0          0       6088   stm32f4xx_it.o
        18          0         24          4          0       2586   system_stm32f4xx.o
      1430          6          0          0        432      12804   tim.o
       480          0          0          0        336       8052   usart.o
       520          4          0         28         16       2966   xunji.o

    ----------------------------------------------------------------------
     21912        170       7088         76       6444     293694   Object Totals
         0          0         32          0          0          0   (incl. Generated)
       122          0          0          0         16          0   (incl. Padding)

    ----------------------------------------------------------------------

      Code (inc. data)   RO Data    RW Data    ZI Data      Debug   Library Member Name

         0          0          0          0          0          0   entry.o
         0          0          0          0          0          0   entry10a.o
         0          0          0          0          0          0   entry11a.o
         8          4          0          0          0          0   entry2.o
         4          0          0          0          0          0   entry5.o
         0          0          0          0          0          0   entry7b.o
         0          0          0          0          0          0   entry8b.o
         8          4          0          0          0          0   entry9a.o
        30          0          0          0          0          0   handlers.o
        48         10          0          0          0         68   init.o
         0          0          0          0          0          0   iusefp.o
        30          0          0          0          0         68   llshl.o
        36          0          0          0          0         68   llsshr.o
        32          0          0          0          0         68   llushr.o
        36          0          0          0          0        108   memseta.o
      2276         86          0          0          0        520   printfa.o
        44          0          0          0          0         80   uidiv.o
        98          0          0          0          0         92   uldiv.o
        48          0          0          0          0         68   cdrcmple.o
        56          0          0          0          0         88   d2f.o
       334          0          0          0          0        148   dadd.o
        54          0          0          0          0         80   dcmplt.o
       222          0          0          0          0        100   ddiv.o
       186          0          0          0          0        176   depilogue.o
        48          0          0          0          0         68   dfixul.o
        26          0          0          0          0         76   dfltui.o
       228          0          0          0          0         96   dmul.o
        38          0          0          0          0         68   f2d.o
       110          0          0          0          0        168   fepilogue.o

    ----------------------------------------------------------------------
      4004        104          0          0          0       2208   Library Totals
         4          0          0          0          0          0   (incl. Padding)

    ----------------------------------------------------------------------

      Code (inc. data)   RO Data    RW Data    ZI Data      Debug   Library Name

      2650        104          0          0          0       1072   mc_w.l
      1350          0          0          0          0       1136   mf_w.l

    ----------------------------------------------------------------------
      4004        104          0          0          0       2208   Library Totals

    ----------------------------------------------------------------------

==============================================================================


      Code (inc. data)   RO Data    RW Data    ZI Data      Debug   

     25916        274       7088         76       6444     294514   Grand Totals
     25916        274       7088         76       6444     294514   ELF Image Totals
     25916        274       7088         76          0          0   ROM Totals

==============================================================================

    Total RO  Size (Code + RO Data)                33004 (  32.23kB)
    Total RW  Size (RW Data + ZI Data)              6520 (   6.37kB)
    Total ROM Size (Code + RO Data + RW Data)      33080 (  32.30kB)

==============================================================================

